// Validating benchmarks:
// ***** BenchmarkRunner: Start   *****
// ***** Found 3 benchmark(s) in total *****
// ***** Building 1 exe(s) in Parallel: Start   *****
// start dotnet  restore --nodeReuse:false /p:UseSharedCompilation=false /p:Deterministic=true /p:Optimize=true /p:ArtifactsPath="C:\Users\braya\OneDrive\Desktop\Projects\Projects\BenchmarkCsharp\bin\Release\net10.0\BenchmarkCsharp-DefaultJob-1/" /p:OutDir="C:\Users\braya\OneDrive\Desktop\Projects\Projects\BenchmarkCsharp\bin\Release\net10.0\BenchmarkCsharp-DefaultJob-1\bin\Release\net10.0/" /p:OutputPath="C:\Users\braya\OneDrive\Desktop\Projects\Projects\BenchmarkCsharp\bin\Release\net10.0\BenchmarkCsharp-DefaultJob-1\bin\Release\net10.0/" /p:PublishDir="C:\Users\braya\OneDrive\Desktop\Projects\Projects\BenchmarkCsharp\bin\Release\net10.0\BenchmarkCsharp-DefaultJob-1\publish/" in C:\Users\braya\OneDrive\Desktop\Projects\Projects\BenchmarkCsharp\bin\Release\net10.0\BenchmarkCsharp-DefaultJob-1
// command took 1.28 sec and exited with 0
// start dotnet  build -c Release --no-restore --nodeReuse:false /p:UseSharedCompilation=false /p:Deterministic=true /p:Optimize=true /p:ArtifactsPath="C:\Users\braya\OneDrive\Desktop\Projects\Projects\BenchmarkCsharp\bin\Release\net10.0\BenchmarkCsharp-DefaultJob-1/" /p:OutDir="C:\Users\braya\OneDrive\Desktop\Projects\Projects\BenchmarkCsharp\bin\Release\net10.0\BenchmarkCsharp-DefaultJob-1\bin\Release\net10.0/" /p:OutputPath="C:\Users\braya\OneDrive\Desktop\Projects\Projects\BenchmarkCsharp\bin\Release\net10.0\BenchmarkCsharp-DefaultJob-1\bin\Release\net10.0/" /p:PublishDir="C:\Users\braya\OneDrive\Desktop\Projects\Projects\BenchmarkCsharp\bin\Release\net10.0\BenchmarkCsharp-DefaultJob-1\publish/" --output "C:\Users\braya\OneDrive\Desktop\Projects\Projects\BenchmarkCsharp\bin\Release\net10.0\BenchmarkCsharp-DefaultJob-1\bin\Release\net10.0/" in C:\Users\braya\OneDrive\Desktop\Projects\Projects\BenchmarkCsharp\bin\Release\net10.0\BenchmarkCsharp-DefaultJob-1
// command took 4.39 sec and exited with 0
// ***** Done, took 00:00:05 (5.73 sec)   *****
// Found 3 benchmarks:
//   SimpleListBenchmark.Add: DefaultJob
//   SimpleListBenchmark.Contains: DefaultJob
//   SimpleListBenchmark.Remove: DefaultJob

Setup power plan (GUID: 8c5e7fda-e8bf-4a96-9a85-a6e23a8c635c FriendlyName: High performance)
// **************************
// Benchmark: SimpleListBenchmark.Add: DefaultJob
// *** Execute ***
// Launch: 1 / 1
// Execute: dotnet BenchmarkCsharp-DefaultJob-1.dll --anonymousPipes 1272 1224 --benchmarkName BenchmarkCsharp.SimpleListBenchmark.Add --job Default --benchmarkId 0 in C:\Users\braya\OneDrive\Desktop\Projects\Projects\BenchmarkCsharp\bin\Release\net10.0\BenchmarkCsharp-DefaultJob-1\bin\Release\net10.0
// BeforeAnythingElse

// Benchmark Process Environment Information:
// BenchmarkDotNet v0.15.8
// Runtime=.NET 10.0.8 (10.0.8, 10.0.826.23019), X64 RyuJIT x86-64-v3
// GC=Concurrent Workstation
// HardwareIntrinsics=AVX2+BMI1+BMI2+F16C+FMA+LZCNT+MOVBE,AVX,SSE3+SSSE3+SSE4.1+SSE4.2+POPCNT,X86Base+SSE+SSE2,AES+PCLMUL VectorSize=256
// Job: DefaultJob

OverheadJitting  1: 1 op, 156100.00 ns, 156.1000 us/op
WorkloadJitting  1: 1 op, 4742100.00 ns, 4.7421 ms/op

OverheadJitting  2: 16 op, 201900.00 ns, 12.6188 us/op
WorkloadJitting  2: 16 op, 67127000.00 ns, 4.1954 ms/op

WorkloadPilot    1: 16 op, 56465700.00 ns, 3.5291 ms/op
WorkloadPilot    2: 32 op, 110558300.00 ns, 3.4549 ms/op
WorkloadPilot    3: 64 op, 86480800.00 ns, 1.3513 ms/op
WorkloadPilot    4: 128 op, 72728000.00 ns, 568.1875 us/op
WorkloadPilot    5: 256 op, 145512200.00 ns, 568.4070 us/op
WorkloadPilot    6: 512 op, 288881000.00 ns, 564.2207 us/op
WorkloadPilot    7: 1024 op, 578111600.00 ns, 564.5621 us/op

OverheadWarmup   1: 1024 op, 4800.00 ns, 4.6875 ns/op
OverheadWarmup   2: 1024 op, 1800.00 ns, 1.7578 ns/op
OverheadWarmup   3: 1024 op, 1900.00 ns, 1.8555 ns/op
OverheadWarmup   4: 1024 op, 1900.00 ns, 1.8555 ns/op
OverheadWarmup   5: 1024 op, 1900.00 ns, 1.8555 ns/op
OverheadWarmup   6: 1024 op, 1900.00 ns, 1.8555 ns/op

OverheadActual   1: 1024 op, 2100.00 ns, 2.0508 ns/op
OverheadActual   2: 1024 op, 2500.00 ns, 2.4414 ns/op
OverheadActual   3: 1024 op, 2400.00 ns, 2.3438 ns/op
OverheadActual   4: 1024 op, 2000.00 ns, 1.9531 ns/op
OverheadActual   5: 1024 op, 2100.00 ns, 2.0508 ns/op
OverheadActual   6: 1024 op, 1900.00 ns, 1.8555 ns/op
OverheadActual   7: 1024 op, 2000.00 ns, 1.9531 ns/op
OverheadActual   8: 1024 op, 1900.00 ns, 1.8555 ns/op
OverheadActual   9: 1024 op, 2700.00 ns, 2.6367 ns/op
OverheadActual  10: 1024 op, 1900.00 ns, 1.8555 ns/op
OverheadActual  11: 1024 op, 2000.00 ns, 1.9531 ns/op
OverheadActual  12: 1024 op, 2000.00 ns, 1.9531 ns/op
OverheadActual  13: 1024 op, 1900.00 ns, 1.8555 ns/op
OverheadActual  14: 1024 op, 2000.00 ns, 1.9531 ns/op
OverheadActual  15: 1024 op, 1900.00 ns, 1.8555 ns/op
OverheadActual  16: 1024 op, 2000.00 ns, 1.9531 ns/op
OverheadActual  17: 1024 op, 2900.00 ns, 2.8320 ns/op
OverheadActual  18: 1024 op, 3200.00 ns, 3.1250 ns/op
OverheadActual  19: 1024 op, 1900.00 ns, 1.8555 ns/op
OverheadActual  20: 1024 op, 1800.00 ns, 1.7578 ns/op

WorkloadWarmup   1: 1024 op, 599461900.00 ns, 585.4120 us/op
WorkloadWarmup   2: 1024 op, 574824600.00 ns, 561.3521 us/op
WorkloadWarmup   3: 1024 op, 572256400.00 ns, 558.8441 us/op
WorkloadWarmup   4: 1024 op, 571724600.00 ns, 558.3248 us/op
WorkloadWarmup   5: 1024 op, 587116200.00 ns, 573.3557 us/op
WorkloadWarmup   6: 1024 op, 590689700.00 ns, 576.8454 us/op
WorkloadWarmup   7: 1024 op, 589537200.00 ns, 575.7199 us/op
WorkloadWarmup   8: 1024 op, 589011500.00 ns, 575.2065 us/op
WorkloadWarmup   9: 1024 op, 591127600.00 ns, 577.2730 us/op
WorkloadWarmup  10: 1024 op, 590331400.00 ns, 576.4955 us/op

// BeforeActualRun
WorkloadActual   1: 1024 op, 592576000.00 ns, 578.6875 us/op
WorkloadActual   2: 1024 op, 592634600.00 ns, 578.7447 us/op
WorkloadActual   3: 1024 op, 591034500.00 ns, 577.1821 us/op
WorkloadActual   4: 1024 op, 588746200.00 ns, 574.9475 us/op
WorkloadActual   5: 1024 op, 589243000.00 ns, 575.4326 us/op
WorkloadActual   6: 1024 op, 592527500.00 ns, 578.6401 us/op
WorkloadActual   7: 1024 op, 590722100.00 ns, 576.8771 us/op
WorkloadActual   8: 1024 op, 590741200.00 ns, 576.8957 us/op
WorkloadActual   9: 1024 op, 585598100.00 ns, 571.8731 us/op
WorkloadActual  10: 1024 op, 591997800.00 ns, 578.1229 us/op
WorkloadActual  11: 1024 op, 593354900.00 ns, 579.4481 us/op
WorkloadActual  12: 1024 op, 590930600.00 ns, 577.0807 us/op
WorkloadActual  13: 1024 op, 585677300.00 ns, 571.9505 us/op
WorkloadActual  14: 1024 op, 595605400.00 ns, 581.6459 us/op
WorkloadActual  15: 1024 op, 593367400.00 ns, 579.4604 us/op

// AfterActualRun
WorkloadResult   1: 1024 op, 592574000.00 ns, 578.6855 us/op
WorkloadResult   2: 1024 op, 592632600.00 ns, 578.7428 us/op
WorkloadResult   3: 1024 op, 591032500.00 ns, 577.1802 us/op
WorkloadResult   4: 1024 op, 588744200.00 ns, 574.9455 us/op
WorkloadResult   5: 1024 op, 589241000.00 ns, 575.4307 us/op
WorkloadResult   6: 1024 op, 592525500.00 ns, 578.6382 us/op
WorkloadResult   7: 1024 op, 590720100.00 ns, 576.8751 us/op
WorkloadResult   8: 1024 op, 590739200.00 ns, 576.8938 us/op
WorkloadResult   9: 1024 op, 585596100.00 ns, 571.8712 us/op
WorkloadResult  10: 1024 op, 591995800.00 ns, 578.1209 us/op
WorkloadResult  11: 1024 op, 593352900.00 ns, 579.4462 us/op
WorkloadResult  12: 1024 op, 590928600.00 ns, 577.0787 us/op
WorkloadResult  13: 1024 op, 585675300.00 ns, 571.9485 us/op
WorkloadResult  14: 1024 op, 595603400.00 ns, 581.6439 us/op
WorkloadResult  15: 1024 op, 593365400.00 ns, 579.4584 us/op
// GC:  3 0 0 32768000 1024
// Threading:  0 0 1024

// AfterAll
// Benchmark Process 8736 has exited with code 0.

Mean = 577.131 μs, StdErr = 0.696 μs (0.12%), N = 15, StdDev = 2.696 μs
Min = 571.871 μs, Q1 = 576.153 μs, Median = 577.180 μs, Q3 = 578.714 μs, Max = 581.644 μs
IQR = 2.561 μs, LowerFence = 572.311 μs, UpperFence = 582.556 μs
ConfidenceInterval = [574.249 μs; 580.012 μs] (CI 99.9%), Margin = 2.882 μs (0.50% of Mean)
Skewness = -0.58, Kurtosis = 2.54, MValue = 2

// ** Remained 2 (66.7%) benchmark(s) to run. Estimated finish 2026-05-22 18:17 (0h 0m from now) **
Setup power plan (GUID: 8c5e7fda-e8bf-4a96-9a85-a6e23a8c635c FriendlyName: High performance)
// **************************
// Benchmark: SimpleListBenchmark.Contains: DefaultJob
// *** Execute ***
// Launch: 1 / 1
// Execute: dotnet BenchmarkCsharp-DefaultJob-1.dll --anonymousPipes 1472 1476 --benchmarkName BenchmarkCsharp.SimpleListBenchmark.Contains --job Default --benchmarkId 1 in C:\Users\braya\OneDrive\Desktop\Projects\Projects\BenchmarkCsharp\bin\Release\net10.0\BenchmarkCsharp-DefaultJob-1\bin\Release\net10.0
// BeforeAnythingElse

// Benchmark Process Environment Information:
// BenchmarkDotNet v0.15.8
// Runtime=.NET 10.0.8 (10.0.8, 10.0.826.23019), X64 RyuJIT x86-64-v3
// GC=Concurrent Workstation
// HardwareIntrinsics=AVX2+BMI1+BMI2+F16C+FMA+LZCNT+MOVBE,AVX,SSE3+SSSE3+SSE4.1+SSE4.2+POPCNT,X86Base+SSE+SSE2,AES+PCLMUL VectorSize=256
// Job: DefaultJob

OverheadJitting  1: 1 op, 146800.00 ns, 146.8000 us/op
WorkloadJitting  1: 1 op, 366000.00 ns, 366.0000 us/op

OverheadJitting  2: 16 op, 180900.00 ns, 11.3063 us/op
WorkloadJitting  2: 16 op, 738600.00 ns, 46.1625 us/op

WorkloadPilot    1: 16 op, 439000.00 ns, 27.4375 us/op
WorkloadPilot    2: 32 op, 639100.00 ns, 19.9719 us/op
WorkloadPilot    3: 64 op, 893100.00 ns, 13.9547 us/op
WorkloadPilot    4: 128 op, 1572600.00 ns, 12.2859 us/op
WorkloadPilot    5: 256 op, 3350600.00 ns, 13.0883 us/op
WorkloadPilot    6: 512 op, 6680800.00 ns, 13.0484 us/op
WorkloadPilot    7: 1024 op, 12502300.00 ns, 12.2093 us/op
WorkloadPilot    8: 2048 op, 24900500.00 ns, 12.1584 us/op
WorkloadPilot    9: 4096 op, 49129900.00 ns, 11.9946 us/op
WorkloadPilot   10: 8192 op, 86668300.00 ns, 10.5796 us/op
WorkloadPilot   11: 16384 op, 17123800.00 ns, 1.0452 us/op
WorkloadPilot   12: 32768 op, 33043600.00 ns, 1.0084 us/op
WorkloadPilot   13: 65536 op, 65142400.00 ns, 993.9941 ns/op
WorkloadPilot   14: 131072 op, 131361800.00 ns, 1.0022 us/op
WorkloadPilot   15: 262144 op, 261800200.00 ns, 998.6885 ns/op
WorkloadPilot   16: 524288 op, 522991000.00 ns, 997.5262 ns/op

OverheadWarmup   1: 524288 op, 919600.00 ns, 1.7540 ns/op
OverheadWarmup   2: 524288 op, 941100.00 ns, 1.7950 ns/op
OverheadWarmup   3: 524288 op, 918700.00 ns, 1.7523 ns/op
OverheadWarmup   4: 524288 op, 1142800.00 ns, 2.1797 ns/op
OverheadWarmup   5: 524288 op, 921100.00 ns, 1.7569 ns/op

OverheadActual   1: 524288 op, 919500.00 ns, 1.7538 ns/op
OverheadActual   2: 524288 op, 928900.00 ns, 1.7717 ns/op
OverheadActual   3: 524288 op, 919500.00 ns, 1.7538 ns/op
OverheadActual   4: 524288 op, 924700.00 ns, 1.7637 ns/op
OverheadActual   5: 524288 op, 924300.00 ns, 1.7630 ns/op
OverheadActual   6: 524288 op, 919300.00 ns, 1.7534 ns/op
OverheadActual   7: 524288 op, 938200.00 ns, 1.7895 ns/op
OverheadActual   8: 524288 op, 924000.00 ns, 1.7624 ns/op
OverheadActual   9: 524288 op, 924300.00 ns, 1.7630 ns/op
OverheadActual  10: 524288 op, 924300.00 ns, 1.7630 ns/op
OverheadActual  11: 524288 op, 929200.00 ns, 1.7723 ns/op
OverheadActual  12: 524288 op, 921400.00 ns, 1.7574 ns/op
OverheadActual  13: 524288 op, 924100.00 ns, 1.7626 ns/op
OverheadActual  14: 524288 op, 924400.00 ns, 1.7632 ns/op
OverheadActual  15: 524288 op, 939800.00 ns, 1.7925 ns/op

WorkloadWarmup   1: 524288 op, 522741100.00 ns, 997.0495 ns/op
WorkloadWarmup   2: 524288 op, 523232300.00 ns, 997.9864 ns/op
WorkloadWarmup   3: 524288 op, 521433000.00 ns, 994.5545 ns/op
WorkloadWarmup   4: 524288 op, 522082700.00 ns, 995.7937 ns/op
WorkloadWarmup   5: 524288 op, 520377900.00 ns, 992.5421 ns/op
WorkloadWarmup   6: 524288 op, 521021700.00 ns, 993.7700 ns/op

// BeforeActualRun
WorkloadActual   1: 524288 op, 515073500.00 ns, 982.4247 ns/op
WorkloadActual   2: 524288 op, 518589400.00 ns, 989.1308 ns/op
WorkloadActual   3: 524288 op, 521488900.00 ns, 994.6611 ns/op
WorkloadActual   4: 524288 op, 520500600.00 ns, 992.7761 ns/op
WorkloadActual   5: 524288 op, 505761000.00 ns, 964.6626 ns/op
WorkloadActual   6: 524288 op, 504480800.00 ns, 962.2208 ns/op
WorkloadActual   7: 524288 op, 504592600.00 ns, 962.4340 ns/op
WorkloadActual   8: 524288 op, 504673100.00 ns, 962.5875 ns/op
WorkloadActual   9: 524288 op, 504405500.00 ns, 962.0771 ns/op
WorkloadActual  10: 524288 op, 505254700.00 ns, 963.6969 ns/op
WorkloadActual  11: 524288 op, 505219600.00 ns, 963.6299 ns/op
WorkloadActual  12: 524288 op, 507632200.00 ns, 968.2316 ns/op
WorkloadActual  13: 524288 op, 505167200.00 ns, 963.5300 ns/op
WorkloadActual  14: 524288 op, 504772600.00 ns, 962.7773 ns/op
WorkloadActual  15: 524288 op, 506949900.00 ns, 966.9302 ns/op

// AfterActualRun
WorkloadResult   1: 524288 op, 514149200.00 ns, 980.6618 ns/op
WorkloadResult   2: 524288 op, 517665100.00 ns, 987.3678 ns/op
WorkloadResult   3: 524288 op, 519576300.00 ns, 991.0131 ns/op
WorkloadResult   4: 524288 op, 504836700.00 ns, 962.8996 ns/op
WorkloadResult   5: 524288 op, 503556500.00 ns, 960.4578 ns/op
WorkloadResult   6: 524288 op, 503668300.00 ns, 960.6710 ns/op
WorkloadResult   7: 524288 op, 503748800.00 ns, 960.8246 ns/op
WorkloadResult   8: 524288 op, 503481200.00 ns, 960.3142 ns/op
WorkloadResult   9: 524288 op, 504330400.00 ns, 961.9339 ns/op
WorkloadResult  10: 524288 op, 504295300.00 ns, 961.8670 ns/op
WorkloadResult  11: 524288 op, 506707900.00 ns, 966.4686 ns/op
WorkloadResult  12: 524288 op, 504242900.00 ns, 961.7670 ns/op
WorkloadResult  13: 524288 op, 503848300.00 ns, 961.0144 ns/op
WorkloadResult  14: 524288 op, 506025600.00 ns, 965.1672 ns/op
// GC:  0 0 0 0 524288
// Threading:  0 0 524288

// AfterAll
// Benchmark Process 8396 has exited with code 0.

Mean = 967.316 ns, StdErr = 2.850 ns (0.29%), N = 14, StdDev = 10.663 ns
Min = 960.314 ns, Q1 = 960.872 ns, Median = 961.900 ns, Q3 = 966.143 ns, Max = 991.013 ns
IQR = 5.271 ns, LowerFence = 952.965 ns, UpperFence = 974.050 ns
ConfidenceInterval = [955.288 ns; 979.345 ns] (CI 99.9%), Margin = 12.029 ns (1.24% of Mean)
Skewness = 1.28, Kurtosis = 2.88, MValue = 2

// ** Remained 1 (33.3%) benchmark(s) to run. Estimated finish 2026-05-22 18:17 (0h 0m from now) **
Setup power plan (GUID: 8c5e7fda-e8bf-4a96-9a85-a6e23a8c635c FriendlyName: High performance)
// **************************
// Benchmark: SimpleListBenchmark.Remove: DefaultJob
// *** Execute ***
// Launch: 1 / 1
// Execute: dotnet BenchmarkCsharp-DefaultJob-1.dll --anonymousPipes 1560 1468 --benchmarkName BenchmarkCsharp.SimpleListBenchmark.Remove --job Default --benchmarkId 2 in C:\Users\braya\OneDrive\Desktop\Projects\Projects\BenchmarkCsharp\bin\Release\net10.0\BenchmarkCsharp-DefaultJob-1\bin\Release\net10.0
// BeforeAnythingElse

// Benchmark Process Environment Information:
// BenchmarkDotNet v0.15.8
// Runtime=.NET 10.0.8 (10.0.8, 10.0.826.23019), X64 RyuJIT x86-64-v3
// GC=Concurrent Workstation
// HardwareIntrinsics=AVX2+BMI1+BMI2+F16C+FMA+LZCNT+MOVBE,AVX,SSE3+SSSE3+SSE4.1+SSE4.2+POPCNT,X86Base+SSE+SSE2,AES+PCLMUL VectorSize=256
// Job: DefaultJob

OverheadJitting  1: 1 op, 177300.00 ns, 177.3000 us/op
WorkloadJitting  1: 1 op, 5811000.00 ns, 5.8110 ms/op

OverheadJitting  2: 16 op, 183400.00 ns, 11.4625 us/op
WorkloadJitting  2: 16 op, 68290900.00 ns, 4.2682 ms/op

WorkloadPilot    1: 16 op, 50484000.00 ns, 3.1553 ms/op
WorkloadPilot    2: 32 op, 104495600.00 ns, 3.2655 ms/op
WorkloadPilot    3: 64 op, 113008000.00 ns, 1.7658 ms/op
WorkloadPilot    4: 128 op, 73448000.00 ns, 573.8125 us/op
WorkloadPilot    5: 256 op, 144601900.00 ns, 564.8512 us/op
WorkloadPilot    6: 512 op, 286332600.00 ns, 559.2434 us/op
WorkloadPilot    7: 1024 op, 570536100.00 ns, 557.1642 us/op

OverheadWarmup   1: 1024 op, 3200.00 ns, 3.1250 ns/op
OverheadWarmup   2: 1024 op, 1800.00 ns, 1.7578 ns/op
OverheadWarmup   3: 1024 op, 2900.00 ns, 2.8320 ns/op
OverheadWarmup   4: 1024 op, 1900.00 ns, 1.8555 ns/op
OverheadWarmup   5: 1024 op, 1800.00 ns, 1.7578 ns/op
OverheadWarmup   6: 1024 op, 2000.00 ns, 1.9531 ns/op
OverheadWarmup   7: 1024 op, 1700.00 ns, 1.6602 ns/op

OverheadActual   1: 1024 op, 1900.00 ns, 1.8555 ns/op
OverheadActual   2: 1024 op, 1800.00 ns, 1.7578 ns/op
OverheadActual   3: 1024 op, 2600.00 ns, 2.5391 ns/op
OverheadActual   4: 1024 op, 2000.00 ns, 1.9531 ns/op
OverheadActual   5: 1024 op, 1800.00 ns, 1.7578 ns/op
OverheadActual   6: 1024 op, 1900.00 ns, 1.8555 ns/op
OverheadActual   7: 1024 op, 1900.00 ns, 1.8555 ns/op
OverheadActual   8: 1024 op, 1900.00 ns, 1.8555 ns/op
OverheadActual   9: 1024 op, 1900.00 ns, 1.8555 ns/op
OverheadActual  10: 1024 op, 1900.00 ns, 1.8555 ns/op
OverheadActual  11: 1024 op, 1800.00 ns, 1.7578 ns/op
OverheadActual  12: 1024 op, 1900.00 ns, 1.8555 ns/op
OverheadActual  13: 1024 op, 2800.00 ns, 2.7344 ns/op
OverheadActual  14: 1024 op, 1900.00 ns, 1.8555 ns/op
OverheadActual  15: 1024 op, 2900.00 ns, 2.8320 ns/op

WorkloadWarmup   1: 1024 op, 571479800.00 ns, 558.0857 us/op
WorkloadWarmup   2: 1024 op, 571723100.00 ns, 558.3233 us/op
WorkloadWarmup   3: 1024 op, 571114500.00 ns, 557.7290 us/op
WorkloadWarmup   4: 1024 op, 571144900.00 ns, 557.7587 us/op
WorkloadWarmup   5: 1024 op, 568701800.00 ns, 555.3729 us/op
WorkloadWarmup   6: 1024 op, 569462300.00 ns, 556.1155 us/op

// BeforeActualRun
WorkloadActual   1: 1024 op, 568824200.00 ns, 555.4924 us/op
WorkloadActual   2: 1024 op, 568037400.00 ns, 554.7240 us/op
WorkloadActual   3: 1024 op, 567916500.00 ns, 554.6060 us/op
WorkloadActual   4: 1024 op, 568226700.00 ns, 554.9089 us/op
WorkloadActual   5: 1024 op, 569005000.00 ns, 555.6689 us/op
WorkloadActual   6: 1024 op, 570860200.00 ns, 557.4807 us/op
WorkloadActual   7: 1024 op, 568035400.00 ns, 554.7221 us/op
WorkloadActual   8: 1024 op, 568121200.00 ns, 554.8059 us/op
WorkloadActual   9: 1024 op, 568698700.00 ns, 555.3698 us/op
WorkloadActual  10: 1024 op, 569708000.00 ns, 556.3555 us/op
WorkloadActual  11: 1024 op, 568371000.00 ns, 555.0498 us/op
WorkloadActual  12: 1024 op, 569534900.00 ns, 556.1864 us/op
WorkloadActual  13: 1024 op, 569556700.00 ns, 556.2077 us/op
WorkloadActual  14: 1024 op, 568587600.00 ns, 555.2613 us/op
WorkloadActual  15: 1024 op, 571317600.00 ns, 557.9273 us/op

// AfterActualRun
WorkloadResult   1: 1024 op, 568822300.00 ns, 555.4905 us/op
WorkloadResult   2: 1024 op, 568035500.00 ns, 554.7222 us/op
WorkloadResult   3: 1024 op, 567914600.00 ns, 554.6041 us/op
WorkloadResult   4: 1024 op, 568224800.00 ns, 554.9070 us/op
WorkloadResult   5: 1024 op, 569003100.00 ns, 555.6671 us/op
WorkloadResult   6: 1024 op, 570858300.00 ns, 557.4788 us/op
WorkloadResult   7: 1024 op, 568033500.00 ns, 554.7202 us/op
WorkloadResult   8: 1024 op, 568119300.00 ns, 554.8040 us/op
WorkloadResult   9: 1024 op, 568696800.00 ns, 555.3680 us/op
WorkloadResult  10: 1024 op, 569706100.00 ns, 556.3536 us/op
WorkloadResult  11: 1024 op, 568369100.00 ns, 555.0479 us/op
WorkloadResult  12: 1024 op, 569533000.00 ns, 556.1846 us/op
WorkloadResult  13: 1024 op, 569554800.00 ns, 556.2059 us/op
WorkloadResult  14: 1024 op, 568585700.00 ns, 555.2595 us/op
WorkloadResult  15: 1024 op, 571315700.00 ns, 557.9255 us/op
// GC:  3 0 0 32768000 1024
// Threading:  0 0 1024

// AfterAll
// Benchmark Process 23252 has exited with code 0.

Mean = 555.649 μs, StdErr = 0.261 μs (0.05%), N = 15, StdDev = 1.011 μs
Min = 554.604 μs, Q1 = 554.856 μs, Median = 555.368 μs, Q3 = 556.195 μs, Max = 557.925 μs
IQR = 1.340 μs, LowerFence = 552.846 μs, UpperFence = 558.205 μs
ConfidenceInterval = [554.568 μs; 556.730 μs] (CI 99.9%), Margin = 1.081 μs (0.19% of Mean)
Skewness = 0.94, Kurtosis = 2.68, MValue = 2

// ** Remained 0 (0.0%) benchmark(s) to run. Estimated finish 2026-05-22 18:17 (0h 0m from now) **
Successfully reverted power plan (GUID: 381b4222-f694-41f0-9685-ff5bb260df2e FriendlyName: Balanced)
// ***** BenchmarkRunner: Finish  *****

// * Export *
  BenchmarkDotNet.Artifacts\results\BenchmarkCsharp.SimpleListBenchmark-report.csv
  BenchmarkDotNet.Artifacts\results\BenchmarkCsharp.SimpleListBenchmark-report-github.md
  BenchmarkDotNet.Artifacts\results\BenchmarkCsharp.SimpleListBenchmark-report.html

// * Detailed results *
SimpleListBenchmark.Add: DefaultJob
Runtime = .NET 10.0.8 (10.0.8, 10.0.826.23019), X64 RyuJIT x86-64-v3; GC = Concurrent Workstation
Mean = 577.131 μs, StdErr = 0.696 μs (0.12%), N = 15, StdDev = 2.696 μs
Min = 571.871 μs, Q1 = 576.153 μs, Median = 577.180 μs, Q3 = 578.714 μs, Max = 581.644 μs
IQR = 2.561 μs, LowerFence = 572.311 μs, UpperFence = 582.556 μs
ConfidenceInterval = [574.249 μs; 580.012 μs] (CI 99.9%), Margin = 2.882 μs (0.50% of Mean)
Skewness = -0.58, Kurtosis = 2.54, MValue = 2
-------------------- Histogram --------------------
[570.437 μs ; 583.079 μs) | @@@@@@@@@@@@@@@
---------------------------------------------------

SimpleListBenchmark.Contains: DefaultJob
Runtime = .NET 10.0.8 (10.0.8, 10.0.826.23019), X64 RyuJIT x86-64-v3; GC = Concurrent Workstation
Mean = 967.316 ns, StdErr = 2.850 ns (0.29%), N = 14, StdDev = 10.663 ns
Min = 960.314 ns, Q1 = 960.872 ns, Median = 961.900 ns, Q3 = 966.143 ns, Max = 991.013 ns
IQR = 5.271 ns, LowerFence = 952.965 ns, UpperFence = 974.050 ns
ConfidenceInterval = [955.288 ns; 979.345 ns] (CI 99.9%), Margin = 12.029 ns (1.24% of Mean)
Skewness = 1.28, Kurtosis = 2.88, MValue = 2
-------------------- Histogram --------------------
[954.507 ns ; 975.979 ns) | @@@@@@@@@@@
[975.979 ns ; 996.820 ns) | @@@
---------------------------------------------------

SimpleListBenchmark.Remove: DefaultJob
Runtime = .NET 10.0.8 (10.0.8, 10.0.826.23019), X64 RyuJIT x86-64-v3; GC = Concurrent Workstation
Mean = 555.649 μs, StdErr = 0.261 μs (0.05%), N = 15, StdDev = 1.011 μs
Min = 554.604 μs, Q1 = 554.856 μs, Median = 555.368 μs, Q3 = 556.195 μs, Max = 557.925 μs
IQR = 1.340 μs, LowerFence = 552.846 μs, UpperFence = 558.205 μs
ConfidenceInterval = [554.568 μs; 556.730 μs] (CI 99.9%), Margin = 1.081 μs (0.19% of Mean)
Skewness = 0.94, Kurtosis = 2.68, MValue = 2
-------------------- Histogram --------------------
[554.066 μs ; 558.464 μs) | @@@@@@@@@@@@@@@
---------------------------------------------------

// * Summary *

BenchmarkDotNet v0.15.8, Windows 11 (10.0.26200.8457/25H2/2025Update/HudsonValley2)
AMD Ryzen 7 7435HS 3.10GHz, 1 CPU, 16 logical and 8 physical cores
.NET SDK 10.0.300
  [Host]     : .NET 10.0.8 (10.0.8, 10.0.826.23019), X64 RyuJIT x86-64-v3
  DefaultJob : .NET 10.0.8 (10.0.8, 10.0.826.23019), X64 RyuJIT x86-64-v3


| Method   | Mean         | Error       | StdDev      | Gen0   | Allocated |
|--------- |-------------:|------------:|------------:|-------:|----------:|
| Add      | 577,130.6 ns | 2,881.76 ns | 2,695.60 ns | 2.9297 |   32000 B |
| Contains |     967.3 ns |    12.03 ns |    10.66 ns |      - |         - |
| Remove   | 555,649.3 ns | 1,081.19 ns | 1,011.34 ns | 2.9297 |   32000 B |

// * Hints *
Outliers
  SimpleListBenchmark.Add: Default      -> 2 outliers were detected (571.87 μs, 571.95 μs)
  SimpleListBenchmark.Contains: Default -> 1 outlier  was  removed (994.66 ns)

// * Legends *
  Mean      : Arithmetic mean of all measurements
  Error     : Half of 99.9% confidence interval
  StdDev    : Standard deviation of all measurements
  Gen0      : GC Generation 0 collects per 1000 operations
  Allocated : Allocated memory per single operation (managed only, inclusive, 1KB = 1024B)
  1 ns      : 1 Nanosecond (0.000000001 sec)

// * Diagnostic Output - MemoryDiagnoser *


// ***** BenchmarkRunner: End *****
Run time: 00:00:44 (44.64 sec), executed benchmarks: 3

Global total time: 00:00:50 (50.93 sec), executed benchmarks: 3
// * Artifacts cleanup *
Artifacts cleanup is finished
