// Validating benchmarks:
// ***** BenchmarkRunner: Start   *****
// ***** Found 2 benchmark(s) in total *****
// ***** Building 1 exe(s) in Parallel: Start   *****
// start dotnet  restore --nodeReuse:false /p:UseSharedCompilation=false /p:Deterministic=true /p:Optimize=true /p:ArtifactsPath="C:\Users\braya\OneDrive\Desktop\Projects\Projects\BenchmarkCsharp\bin\Release\net10.0\BenchmarkCsharp-DefaultJob-1/" /p:OutDir="C:\Users\braya\OneDrive\Desktop\Projects\Projects\BenchmarkCsharp\bin\Release\net10.0\BenchmarkCsharp-DefaultJob-1\bin\Release\net10.0/" /p:OutputPath="C:\Users\braya\OneDrive\Desktop\Projects\Projects\BenchmarkCsharp\bin\Release\net10.0\BenchmarkCsharp-DefaultJob-1\bin\Release\net10.0/" /p:PublishDir="C:\Users\braya\OneDrive\Desktop\Projects\Projects\BenchmarkCsharp\bin\Release\net10.0\BenchmarkCsharp-DefaultJob-1\publish/" in C:\Users\braya\OneDrive\Desktop\Projects\Projects\BenchmarkCsharp\bin\Release\net10.0\BenchmarkCsharp-DefaultJob-1
// command took 1.31 sec and exited with 0
// start dotnet  build -c Release --no-restore --nodeReuse:false /p:UseSharedCompilation=false /p:Deterministic=true /p:Optimize=true /p:ArtifactsPath="C:\Users\braya\OneDrive\Desktop\Projects\Projects\BenchmarkCsharp\bin\Release\net10.0\BenchmarkCsharp-DefaultJob-1/" /p:OutDir="C:\Users\braya\OneDrive\Desktop\Projects\Projects\BenchmarkCsharp\bin\Release\net10.0\BenchmarkCsharp-DefaultJob-1\bin\Release\net10.0/" /p:OutputPath="C:\Users\braya\OneDrive\Desktop\Projects\Projects\BenchmarkCsharp\bin\Release\net10.0\BenchmarkCsharp-DefaultJob-1\bin\Release\net10.0/" /p:PublishDir="C:\Users\braya\OneDrive\Desktop\Projects\Projects\BenchmarkCsharp\bin\Release\net10.0\BenchmarkCsharp-DefaultJob-1\publish/" --output "C:\Users\braya\OneDrive\Desktop\Projects\Projects\BenchmarkCsharp\bin\Release\net10.0\BenchmarkCsharp-DefaultJob-1\bin\Release\net10.0/" in C:\Users\braya\OneDrive\Desktop\Projects\Projects\BenchmarkCsharp\bin\Release\net10.0\BenchmarkCsharp-DefaultJob-1
// command took 4.78 sec and exited with 0
// ***** Done, took 00:00:06 (6.16 sec)   *****
// Found 2 benchmarks:
//   SimpleListBenchmark.Contains: DefaultJob
//   SimpleListBenchmark.Remove: DefaultJob

Setup power plan (GUID: 8c5e7fda-e8bf-4a96-9a85-a6e23a8c635c FriendlyName: High performance)
// **************************
// Benchmark: SimpleListBenchmark.Contains: DefaultJob
// *** Execute ***
// Launch: 1 / 1
// Execute: dotnet BenchmarkCsharp-DefaultJob-1.dll --anonymousPipes 1428 1468 --benchmarkName BenchmarkCsharp.SimpleListBenchmark.Contains --job Default --benchmarkId 0 in C:\Users\braya\OneDrive\Desktop\Projects\Projects\BenchmarkCsharp\bin\Release\net10.0\BenchmarkCsharp-DefaultJob-1\bin\Release\net10.0
// BeforeAnythingElse

// Benchmark Process Environment Information:
// BenchmarkDotNet v0.15.8
// Runtime=.NET 10.0.8 (10.0.8, 10.0.826.23019), X64 RyuJIT x86-64-v3
// GC=Concurrent Workstation
// HardwareIntrinsics=AVX2+BMI1+BMI2+F16C+FMA+LZCNT+MOVBE,AVX,SSE3+SSSE3+SSE4.1+SSE4.2+POPCNT,X86Base+SSE+SSE2,AES+PCLMUL VectorSize=256
// Job: DefaultJob

OverheadJitting  1: 1 op, 198700.00 ns, 198.7000 us/op
WorkloadJitting  1: 1 op, 363100.00 ns, 363.1000 us/op

OverheadJitting  2: 16 op, 274800.00 ns, 17.1750 us/op
WorkloadJitting  2: 16 op, 735600.00 ns, 45.9750 us/op

WorkloadPilot    1: 16 op, 425400.00 ns, 26.5875 us/op
WorkloadPilot    2: 32 op, 464100.00 ns, 14.5031 us/op
WorkloadPilot    3: 64 op, 1069700.00 ns, 16.7141 us/op
WorkloadPilot    4: 128 op, 1569800.00 ns, 12.2641 us/op
WorkloadPilot    5: 256 op, 3551500.00 ns, 13.8730 us/op
WorkloadPilot    6: 512 op, 6680700.00 ns, 13.0482 us/op
WorkloadPilot    7: 1024 op, 13009600.00 ns, 12.7047 us/op
WorkloadPilot    8: 2048 op, 26334300.00 ns, 12.8585 us/op
WorkloadPilot    9: 4096 op, 48486700.00 ns, 11.8376 us/op
WorkloadPilot   10: 8192 op, 91277800.00 ns, 11.1423 us/op
WorkloadPilot   11: 16384 op, 16477700.00 ns, 1.0057 us/op
WorkloadPilot   12: 32768 op, 34829000.00 ns, 1.0629 us/op
WorkloadPilot   13: 65536 op, 65866100.00 ns, 1.0050 us/op
WorkloadPilot   14: 131072 op, 135723200.00 ns, 1.0355 us/op
WorkloadPilot   15: 262144 op, 264571000.00 ns, 1.0093 us/op
WorkloadPilot   16: 524288 op, 534668000.00 ns, 1.0198 us/op

OverheadWarmup   1: 524288 op, 1093600.00 ns, 2.0859 ns/op
OverheadWarmup   2: 524288 op, 1516200.00 ns, 2.8919 ns/op
OverheadWarmup   3: 524288 op, 1036700.00 ns, 1.9773 ns/op
OverheadWarmup   4: 524288 op, 1379800.00 ns, 2.6318 ns/op
OverheadWarmup   5: 524288 op, 1191700.00 ns, 2.2730 ns/op

OverheadActual   1: 524288 op, 970300.00 ns, 1.8507 ns/op
OverheadActual   2: 524288 op, 988600.00 ns, 1.8856 ns/op
OverheadActual   3: 524288 op, 982600.00 ns, 1.8742 ns/op
OverheadActual   4: 524288 op, 968900.00 ns, 1.8480 ns/op
OverheadActual   5: 524288 op, 1187200.00 ns, 2.2644 ns/op
OverheadActual   6: 524288 op, 965200.00 ns, 1.8410 ns/op
OverheadActual   7: 524288 op, 983000.00 ns, 1.8749 ns/op
OverheadActual   8: 524288 op, 988500.00 ns, 1.8854 ns/op
OverheadActual   9: 524288 op, 1052400.00 ns, 2.0073 ns/op
OverheadActual  10: 524288 op, 978900.00 ns, 1.8671 ns/op
OverheadActual  11: 524288 op, 1004600.00 ns, 1.9161 ns/op
OverheadActual  12: 524288 op, 1015500.00 ns, 1.9369 ns/op
OverheadActual  13: 524288 op, 987200.00 ns, 1.8829 ns/op
OverheadActual  14: 524288 op, 988800.00 ns, 1.8860 ns/op
OverheadActual  15: 524288 op, 1021800.00 ns, 1.9489 ns/op

WorkloadWarmup   1: 524288 op, 530484400.00 ns, 1.0118 us/op
WorkloadWarmup   2: 524288 op, 524225800.00 ns, 999.8814 ns/op
WorkloadWarmup   3: 524288 op, 515080600.00 ns, 982.4383 ns/op
WorkloadWarmup   4: 524288 op, 527394000.00 ns, 1.0059 us/op
WorkloadWarmup   5: 524288 op, 512093300.00 ns, 976.7405 ns/op
WorkloadWarmup   6: 524288 op, 527890600.00 ns, 1.0069 us/op
WorkloadWarmup   7: 524288 op, 538128100.00 ns, 1.0264 us/op
WorkloadWarmup   8: 524288 op, 523317800.00 ns, 998.1495 ns/op

// BeforeActualRun
WorkloadActual   1: 524288 op, 528804700.00 ns, 1.0086 us/op
WorkloadActual   2: 524288 op, 524225800.00 ns, 999.8814 ns/op
WorkloadActual   3: 524288 op, 521266600.00 ns, 994.2371 ns/op
WorkloadActual   4: 524288 op, 517463000.00 ns, 986.9823 ns/op
WorkloadActual   5: 524288 op, 516378100.00 ns, 984.9131 ns/op
WorkloadActual   6: 524288 op, 519249400.00 ns, 990.3896 ns/op
WorkloadActual   7: 524288 op, 517919400.00 ns, 987.8529 ns/op
WorkloadActual   8: 524288 op, 518714300.00 ns, 989.3690 ns/op
WorkloadActual   9: 524288 op, 520588500.00 ns, 992.9438 ns/op
WorkloadActual  10: 524288 op, 515956600.00 ns, 984.1091 ns/op
WorkloadActual  11: 524288 op, 517205300.00 ns, 986.4908 ns/op
WorkloadActual  12: 524288 op, 520103400.00 ns, 992.0185 ns/op
WorkloadActual  13: 524288 op, 515578700.00 ns, 983.3883 ns/op
WorkloadActual  14: 524288 op, 519265700.00 ns, 990.4207 ns/op
WorkloadActual  15: 524288 op, 518265000.00 ns, 988.5120 ns/op

// AfterActualRun
WorkloadResult   1: 524288 op, 523237300.00 ns, 997.9959 ns/op
WorkloadResult   2: 524288 op, 520278100.00 ns, 992.3517 ns/op
WorkloadResult   3: 524288 op, 516474500.00 ns, 985.0969 ns/op
WorkloadResult   4: 524288 op, 515389600.00 ns, 983.0276 ns/op
WorkloadResult   5: 524288 op, 518260900.00 ns, 988.5042 ns/op
WorkloadResult   6: 524288 op, 516930900.00 ns, 985.9674 ns/op
WorkloadResult   7: 524288 op, 517725800.00 ns, 987.4836 ns/op
WorkloadResult   8: 524288 op, 519600000.00 ns, 991.0583 ns/op
WorkloadResult   9: 524288 op, 514968100.00 ns, 982.2237 ns/op
WorkloadResult  10: 524288 op, 516216800.00 ns, 984.6054 ns/op
WorkloadResult  11: 524288 op, 519114900.00 ns, 990.1331 ns/op
WorkloadResult  12: 524288 op, 514590200.00 ns, 981.5029 ns/op
WorkloadResult  13: 524288 op, 518277200.00 ns, 988.5353 ns/op
WorkloadResult  14: 524288 op, 517276500.00 ns, 986.6266 ns/op
// GC:  0 0 0 0 524288
// Threading:  0 0 524288

// AfterAll
// Benchmark Process 8272 has exited with code 0.

Mean = 987.508 ns, StdErr = 1.187 ns (0.12%), N = 14, StdDev = 4.442 ns
Min = 981.503 ns, Q1 = 984.728 ns, Median = 987.055 ns, Q3 = 989.734 ns, Max = 997.996 ns
IQR = 5.005 ns, LowerFence = 977.220 ns, UpperFence = 997.242 ns
ConfidenceInterval = [982.498 ns; 992.518 ns] (CI 99.9%), Margin = 5.010 ns (0.51% of Mean)
Skewness = 0.68, Kurtosis = 2.84, MValue = 2

// ** Remained 1 (50.0%) benchmark(s) to run. Estimated finish 2026-05-22 18:14 (0h 0m from now) **
Setup power plan (GUID: 8c5e7fda-e8bf-4a96-9a85-a6e23a8c635c FriendlyName: High performance)
// **************************
// Benchmark: SimpleListBenchmark.Remove: DefaultJob
// *** Execute ***
// Launch: 1 / 1
// Execute: dotnet BenchmarkCsharp-DefaultJob-1.dll --anonymousPipes 1500 1532 --benchmarkName BenchmarkCsharp.SimpleListBenchmark.Remove --job Default --benchmarkId 1 in C:\Users\braya\OneDrive\Desktop\Projects\Projects\BenchmarkCsharp\bin\Release\net10.0\BenchmarkCsharp-DefaultJob-1\bin\Release\net10.0
// BeforeAnythingElse

// Benchmark Process Environment Information:
// BenchmarkDotNet v0.15.8
// Runtime=.NET 10.0.8 (10.0.8, 10.0.826.23019), X64 RyuJIT x86-64-v3
// GC=Concurrent Workstation
// HardwareIntrinsics=AVX2+BMI1+BMI2+F16C+FMA+LZCNT+MOVBE,AVX,SSE3+SSSE3+SSE4.1+SSE4.2+POPCNT,X86Base+SSE+SSE2,AES+PCLMUL VectorSize=256
// Job: DefaultJob

OverheadJitting  1: 1 op, 161100.00 ns, 161.1000 us/op
WorkloadJitting  1: 1 op, 365200.00 ns, 365.2000 us/op

OverheadJitting  2: 16 op, 169800.00 ns, 10.6125 us/op
WorkloadJitting  2: 16 op, 441600.00 ns, 27.6000 us/op

WorkloadPilot    1: 16 op, 293100.00 ns, 18.3188 us/op
WorkloadPilot    2: 32 op, 446700.00 ns, 13.9594 us/op
WorkloadPilot    3: 64 op, 941000.00 ns, 14.7031 us/op
WorkloadPilot    4: 128 op, 1698300.00 ns, 13.2680 us/op
WorkloadPilot    5: 256 op, 2846900.00 ns, 11.1207 us/op
WorkloadPilot    6: 512 op, 6157600.00 ns, 12.0266 us/op
WorkloadPilot    7: 1024 op, 12458900.00 ns, 12.1669 us/op
WorkloadPilot    8: 2048 op, 23187700.00 ns, 11.3221 us/op
WorkloadPilot    9: 4096 op, 48479300.00 ns, 11.8358 us/op
WorkloadPilot   10: 8192 op, 90738900.00 ns, 11.0765 us/op
WorkloadPilot   11: 16384 op, 34925800.00 ns, 2.1317 us/op
WorkloadPilot   12: 32768 op, 35351100.00 ns, 1.0788 us/op
WorkloadPilot   13: 65536 op, 71648900.00 ns, 1.0933 us/op
WorkloadPilot   14: 131072 op, 142809700.00 ns, 1.0896 us/op
WorkloadPilot   15: 262144 op, 282693600.00 ns, 1.0784 us/op
WorkloadPilot   16: 524288 op, 564570400.00 ns, 1.0768 us/op

OverheadWarmup   1: 524288 op, 878400.00 ns, 1.6754 ns/op
OverheadWarmup   2: 524288 op, 887800.00 ns, 1.6933 ns/op
OverheadWarmup   3: 524288 op, 913600.00 ns, 1.7426 ns/op
OverheadWarmup   4: 524288 op, 1065400.00 ns, 2.0321 ns/op
OverheadWarmup   5: 524288 op, 1163700.00 ns, 2.2196 ns/op
OverheadWarmup   6: 524288 op, 1477500.00 ns, 2.8181 ns/op
OverheadWarmup   7: 524288 op, 907100.00 ns, 1.7302 ns/op
OverheadWarmup   8: 524288 op, 883300.00 ns, 1.6848 ns/op
OverheadWarmup   9: 524288 op, 997900.00 ns, 1.9033 ns/op
OverheadWarmup  10: 524288 op, 884600.00 ns, 1.6872 ns/op

OverheadActual   1: 524288 op, 888800.00 ns, 1.6953 ns/op
OverheadActual   2: 524288 op, 1046000.00 ns, 1.9951 ns/op
OverheadActual   3: 524288 op, 879600.00 ns, 1.6777 ns/op
OverheadActual   4: 524288 op, 884500.00 ns, 1.6870 ns/op
OverheadActual   5: 524288 op, 893100.00 ns, 1.7035 ns/op
OverheadActual   6: 524288 op, 900300.00 ns, 1.7172 ns/op
OverheadActual   7: 524288 op, 885100.00 ns, 1.6882 ns/op
OverheadActual   8: 524288 op, 883900.00 ns, 1.6859 ns/op
OverheadActual   9: 524288 op, 1137000.00 ns, 2.1687 ns/op
OverheadActual  10: 524288 op, 884500.00 ns, 1.6870 ns/op
OverheadActual  11: 524288 op, 888000.00 ns, 1.6937 ns/op
OverheadActual  12: 524288 op, 889500.00 ns, 1.6966 ns/op
OverheadActual  13: 524288 op, 889300.00 ns, 1.6962 ns/op
OverheadActual  14: 524288 op, 1302700.00 ns, 2.4847 ns/op
OverheadActual  15: 524288 op, 886600.00 ns, 1.6911 ns/op

WorkloadWarmup   1: 524288 op, 571824900.00 ns, 1.0907 us/op
WorkloadWarmup   2: 524288 op, 566163700.00 ns, 1.0799 us/op
WorkloadWarmup   3: 524288 op, 579135400.00 ns, 1.1046 us/op
WorkloadWarmup   4: 524288 op, 577089500.00 ns, 1.1007 us/op
WorkloadWarmup   5: 524288 op, 582432600.00 ns, 1.1109 us/op
WorkloadWarmup   6: 524288 op, 581732200.00 ns, 1.1096 us/op

// BeforeActualRun
WorkloadActual   1: 524288 op, 581721300.00 ns, 1.1095 us/op
WorkloadActual   2: 524288 op, 581054300.00 ns, 1.1083 us/op
WorkloadActual   3: 524288 op, 578340300.00 ns, 1.1031 us/op
WorkloadActual   4: 524288 op, 582342800.00 ns, 1.1107 us/op
WorkloadActual   5: 524288 op, 579780300.00 ns, 1.1058 us/op
WorkloadActual   6: 524288 op, 579516500.00 ns, 1.1053 us/op
WorkloadActual   7: 524288 op, 578868200.00 ns, 1.1041 us/op
WorkloadActual   8: 524288 op, 580941200.00 ns, 1.1081 us/op
WorkloadActual   9: 524288 op, 577718600.00 ns, 1.1019 us/op
WorkloadActual  10: 524288 op, 586517000.00 ns, 1.1187 us/op
WorkloadActual  11: 524288 op, 579400100.00 ns, 1.1051 us/op
WorkloadActual  12: 524288 op, 579408800.00 ns, 1.1051 us/op
WorkloadActual  13: 524288 op, 577732600.00 ns, 1.1019 us/op
WorkloadActual  14: 524288 op, 579549100.00 ns, 1.1054 us/op
WorkloadActual  15: 524288 op, 583004900.00 ns, 1.1120 us/op

// AfterActualRun
WorkloadResult   1: 524288 op, 580832500.00 ns, 1.1079 us/op
WorkloadResult   2: 524288 op, 580165500.00 ns, 1.1066 us/op
WorkloadResult   3: 524288 op, 577451500.00 ns, 1.1014 us/op
WorkloadResult   4: 524288 op, 581454000.00 ns, 1.1090 us/op
WorkloadResult   5: 524288 op, 578891500.00 ns, 1.1041 us/op
WorkloadResult   6: 524288 op, 578627700.00 ns, 1.1036 us/op
WorkloadResult   7: 524288 op, 577979400.00 ns, 1.1024 us/op
WorkloadResult   8: 524288 op, 580052400.00 ns, 1.1064 us/op
WorkloadResult   9: 524288 op, 576829800.00 ns, 1.1002 us/op
WorkloadResult  10: 524288 op, 578511300.00 ns, 1.1034 us/op
WorkloadResult  11: 524288 op, 578520000.00 ns, 1.1034 us/op
WorkloadResult  12: 524288 op, 576843800.00 ns, 1.1002 us/op
WorkloadResult  13: 524288 op, 578660300.00 ns, 1.1037 us/op
WorkloadResult  14: 524288 op, 582116100.00 ns, 1.1103 us/op
// GC:  0 0 0 0 524288
// Threading:  0 0 524288

// AfterAll
// Benchmark Process 15492 has exited with code 0.

Mean = 1.104 μs, StdErr = 0.001 μs (0.08%), N = 14, StdDev = 0.003 μs
Min = 1.100 μs, Q1 = 1.103 μs, Median = 1.104 μs, Q3 = 1.107 μs, Max = 1.110 μs
IQR = 0.004 μs, LowerFence = 1.097 μs, UpperFence = 1.112 μs
ConfidenceInterval = [1.101 μs; 1.108 μs] (CI 99.9%), Margin = 0.004 μs (0.32% of Mean)
Skewness = 0.35, Kurtosis = 1.86, MValue = 2

// ** Remained 0 (0.0%) benchmark(s) to run. Estimated finish 2026-05-22 18:14 (0h 0m from now) **
Successfully reverted power plan (GUID: 381b4222-f694-41f0-9685-ff5bb260df2e FriendlyName: Balanced)
// ***** BenchmarkRunner: Finish  *****

// * Export *
  BenchmarkDotNet.Artifacts\results\BenchmarkCsharp.SimpleListBenchmark-report.csv
  BenchmarkDotNet.Artifacts\results\BenchmarkCsharp.SimpleListBenchmark-report-github.md
  BenchmarkDotNet.Artifacts\results\BenchmarkCsharp.SimpleListBenchmark-report.html

// * Detailed results *
SimpleListBenchmark.Contains: DefaultJob
Runtime = .NET 10.0.8 (10.0.8, 10.0.826.23019), X64 RyuJIT x86-64-v3; GC = Concurrent Workstation
Mean = 987.508 ns, StdErr = 1.187 ns (0.12%), N = 14, StdDev = 4.442 ns
Min = 981.503 ns, Q1 = 984.728 ns, Median = 987.055 ns, Q3 = 989.734 ns, Max = 997.996 ns
IQR = 5.005 ns, LowerFence = 977.220 ns, UpperFence = 997.242 ns
ConfidenceInterval = [982.498 ns; 992.518 ns] (CI 99.9%), Margin = 5.010 ns (0.51% of Mean)
Skewness = 0.68, Kurtosis = 2.84, MValue = 2
-------------------- Histogram --------------------
[979.084 ns ; 1,000.415 ns) | @@@@@@@@@@@@@@
---------------------------------------------------

SimpleListBenchmark.Remove: DefaultJob
Runtime = .NET 10.0.8 (10.0.8, 10.0.826.23019), X64 RyuJIT x86-64-v3; GC = Concurrent Workstation
Mean = 1.104 μs, StdErr = 0.001 μs (0.08%), N = 14, StdDev = 0.003 μs
Min = 1.100 μs, Q1 = 1.103 μs, Median = 1.104 μs, Q3 = 1.107 μs, Max = 1.110 μs
IQR = 0.004 μs, LowerFence = 1.097 μs, UpperFence = 1.112 μs
ConfidenceInterval = [1.101 μs; 1.108 μs] (CI 99.9%), Margin = 0.004 μs (0.32% of Mean)
Skewness = 0.35, Kurtosis = 1.86, MValue = 2
-------------------- Histogram --------------------
[1.099 μs ; 1.112 μs) | @@@@@@@@@@@@@@
---------------------------------------------------

// * Summary *

BenchmarkDotNet v0.15.8, Windows 11 (10.0.26200.8457/25H2/2025Update/HudsonValley2)
AMD Ryzen 7 7435HS 3.10GHz, 1 CPU, 16 logical and 8 physical cores
.NET SDK 10.0.300
  [Host]     : .NET 10.0.8 (10.0.8, 10.0.826.23019), X64 RyuJIT x86-64-v3
  DefaultJob : .NET 10.0.8 (10.0.8, 10.0.826.23019), X64 RyuJIT x86-64-v3


| Method   | Mean       | Error   | StdDev  | Allocated |
|--------- |-----------:|--------:|--------:|----------:|
| Contains |   987.5 ns | 5.01 ns | 4.44 ns |         - |
| Remove   | 1,104.5 ns | 3.53 ns | 3.13 ns |         - |

// * Hints *
Outliers
  SimpleListBenchmark.Contains: Default -> 1 outlier  was  removed (1.01 μs)
  SimpleListBenchmark.Remove: Default   -> 1 outlier  was  removed (1.12 μs)

// * Legends *
  Mean      : Arithmetic mean of all measurements
  Error     : Half of 99.9% confidence interval
  StdDev    : Standard deviation of all measurements
  Allocated : Allocated memory per single operation (managed only, inclusive, 1KB = 1024B)
  1 ns      : 1 Nanosecond (0.000000001 sec)

// * Diagnostic Output - MemoryDiagnoser *


// ***** BenchmarkRunner: End *****
Run time: 00:00:29 (29.27 sec), executed benchmarks: 2

Global total time: 00:00:36 (36.17 sec), executed benchmarks: 2
// * Artifacts cleanup *
Artifacts cleanup is finished
