// Validating benchmarks:
// ***** BenchmarkRunner: Start   *****
// ***** Found 3 benchmark(s) in total *****
// ***** Building 1 exe(s) in Parallel: Start   *****
// start dotnet  restore --nodeReuse:false /p:UseSharedCompilation=false /p:Deterministic=true /p:Optimize=true /p:ArtifactsPath="C:\Users\braya\OneDrive\Desktop\BenchmarkCsharp\bin\Release\net10.0\BenchmarkCsharp-DefaultJob-1/" /p:OutDir="C:\Users\braya\OneDrive\Desktop\BenchmarkCsharp\bin\Release\net10.0\BenchmarkCsharp-DefaultJob-1\bin\Release\net10.0/" /p:OutputPath="C:\Users\braya\OneDrive\Desktop\BenchmarkCsharp\bin\Release\net10.0\BenchmarkCsharp-DefaultJob-1\bin\Release\net10.0/" /p:PublishDir="C:\Users\braya\OneDrive\Desktop\BenchmarkCsharp\bin\Release\net10.0\BenchmarkCsharp-DefaultJob-1\publish/" in C:\Users\braya\OneDrive\Desktop\BenchmarkCsharp\bin\Release\net10.0\BenchmarkCsharp-DefaultJob-1
// command took 1.31 sec and exited with 0
// start dotnet  build -c Release --no-restore --nodeReuse:false /p:UseSharedCompilation=false /p:Deterministic=true /p:Optimize=true /p:ArtifactsPath="C:\Users\braya\OneDrive\Desktop\BenchmarkCsharp\bin\Release\net10.0\BenchmarkCsharp-DefaultJob-1/" /p:OutDir="C:\Users\braya\OneDrive\Desktop\BenchmarkCsharp\bin\Release\net10.0\BenchmarkCsharp-DefaultJob-1\bin\Release\net10.0/" /p:OutputPath="C:\Users\braya\OneDrive\Desktop\BenchmarkCsharp\bin\Release\net10.0\BenchmarkCsharp-DefaultJob-1\bin\Release\net10.0/" /p:PublishDir="C:\Users\braya\OneDrive\Desktop\BenchmarkCsharp\bin\Release\net10.0\BenchmarkCsharp-DefaultJob-1\publish/" --output "C:\Users\braya\OneDrive\Desktop\BenchmarkCsharp\bin\Release\net10.0\BenchmarkCsharp-DefaultJob-1\bin\Release\net10.0/" in C:\Users\braya\OneDrive\Desktop\BenchmarkCsharp\bin\Release\net10.0\BenchmarkCsharp-DefaultJob-1
// command took 4.44 sec and exited with 0
// ***** Done, took 00:00:05 (5.81 sec)   *****
// Found 3 benchmarks:
//   DoubleListBenchmark.Add: DefaultJob
//   DoubleListBenchmark.Contains: DefaultJob
//   DoubleListBenchmark.Remove: DefaultJob

Setup power plan (GUID: 8c5e7fda-e8bf-4a96-9a85-a6e23a8c635c FriendlyName: High performance)
// **************************
// Benchmark: DoubleListBenchmark.Add: DefaultJob
// *** Execute ***
// Launch: 1 / 1
// Execute: dotnet BenchmarkCsharp-DefaultJob-1.dll --anonymousPipes 1556 1564 --benchmarkName BenchmarkCsharp.DoubleListBenchmark.Add --job Default --benchmarkId 0 in C:\Users\braya\OneDrive\Desktop\BenchmarkCsharp\bin\Release\net10.0\BenchmarkCsharp-DefaultJob-1\bin\Release\net10.0
// BeforeAnythingElse

// Benchmark Process Environment Information:
// BenchmarkDotNet v0.15.8
// Runtime=.NET 10.0.8 (10.0.8, 10.0.826.23019), X64 RyuJIT x86-64-v3
// GC=Concurrent Workstation
// HardwareIntrinsics=AVX2+BMI1+BMI2+F16C+FMA+LZCNT+MOVBE,AVX,SSE3+SSSE3+SSE4.1+SSE4.2+POPCNT,X86Base+SSE+SSE2,AES+PCLMUL VectorSize=256
// Job: DefaultJob

OverheadJitting  1: 1 op, 151800.00 ns, 151.8000 us/op
WorkloadJitting  1: 1 op, 58233700.00 ns, 58.2337 ms/op

WorkloadPilot    1: 2 op, 117650900.00 ns, 58.8255 ms/op
WorkloadPilot    2: 3 op, 176615900.00 ns, 58.8720 ms/op
WorkloadPilot    3: 4 op, 237114600.00 ns, 59.2787 ms/op
WorkloadPilot    4: 5 op, 296028300.00 ns, 59.2057 ms/op
WorkloadPilot    5: 6 op, 346930700.00 ns, 57.8218 ms/op
WorkloadPilot    6: 7 op, 399251700.00 ns, 57.0360 ms/op
WorkloadPilot    7: 8 op, 461310400.00 ns, 57.6638 ms/op
WorkloadPilot    8: 9 op, 516462400.00 ns, 57.3847 ms/op

WorkloadWarmup   1: 9 op, 544579000.00 ns, 60.5088 ms/op
WorkloadWarmup   2: 9 op, 546973400.00 ns, 60.7748 ms/op
WorkloadWarmup   3: 9 op, 527892800.00 ns, 58.6548 ms/op
WorkloadWarmup   4: 9 op, 520926100.00 ns, 57.8807 ms/op
WorkloadWarmup   5: 9 op, 523878700.00 ns, 58.2087 ms/op
WorkloadWarmup   6: 9 op, 520860100.00 ns, 57.8733 ms/op

// BeforeActualRun
WorkloadActual   1: 9 op, 536208000.00 ns, 59.5787 ms/op
WorkloadActual   2: 9 op, 525028700.00 ns, 58.3365 ms/op
WorkloadActual   3: 9 op, 519157000.00 ns, 57.6841 ms/op
WorkloadActual   4: 9 op, 516101700.00 ns, 57.3446 ms/op
WorkloadActual   5: 9 op, 518072800.00 ns, 57.5636 ms/op
WorkloadActual   6: 9 op, 526117700.00 ns, 58.4575 ms/op
WorkloadActual   7: 9 op, 526939600.00 ns, 58.5488 ms/op
WorkloadActual   8: 9 op, 530487100.00 ns, 58.9430 ms/op
WorkloadActual   9: 9 op, 521396900.00 ns, 57.9330 ms/op
WorkloadActual  10: 9 op, 524102900.00 ns, 58.2337 ms/op
WorkloadActual  11: 9 op, 541435000.00 ns, 60.1594 ms/op
WorkloadActual  12: 9 op, 559251900.00 ns, 62.1391 ms/op
WorkloadActual  13: 9 op, 519277700.00 ns, 57.6975 ms/op
WorkloadActual  14: 9 op, 524578000.00 ns, 58.2864 ms/op
WorkloadActual  15: 9 op, 518399100.00 ns, 57.5999 ms/op

// AfterActualRun
WorkloadResult   1: 9 op, 536208000.00 ns, 59.5787 ms/op
WorkloadResult   2: 9 op, 525028700.00 ns, 58.3365 ms/op
WorkloadResult   3: 9 op, 519157000.00 ns, 57.6841 ms/op
WorkloadResult   4: 9 op, 516101700.00 ns, 57.3446 ms/op
WorkloadResult   5: 9 op, 518072800.00 ns, 57.5636 ms/op
WorkloadResult   6: 9 op, 526117700.00 ns, 58.4575 ms/op
WorkloadResult   7: 9 op, 526939600.00 ns, 58.5488 ms/op
WorkloadResult   8: 9 op, 530487100.00 ns, 58.9430 ms/op
WorkloadResult   9: 9 op, 521396900.00 ns, 57.9330 ms/op
WorkloadResult  10: 9 op, 524102900.00 ns, 58.2337 ms/op
WorkloadResult  11: 9 op, 541435000.00 ns, 60.1594 ms/op
WorkloadResult  12: 9 op, 519277700.00 ns, 57.6975 ms/op
WorkloadResult  13: 9 op, 524578000.00 ns, 58.2864 ms/op
WorkloadResult  14: 9 op, 518399100.00 ns, 57.5999 ms/op
// GC:  0 0 0 3600000 9
// Threading:  0 0 9

// AfterAll
// Benchmark Process 24916 has exited with code 0.

Mean = 58.312 ms, StdErr = 0.215 ms (0.37%), N = 14, StdDev = 0.805 ms
Min = 57.345 ms, Q1 = 57.687 ms, Median = 58.260 ms, Q3 = 58.526 ms, Max = 60.159 ms
IQR = 0.839 ms, LowerFence = 56.430 ms, UpperFence = 59.784 ms
ConfidenceInterval = [57.404 ms; 59.220 ms] (CI 99.9%), Margin = 0.908 ms (1.56% of Mean)
Skewness = 0.88, Kurtosis = 2.75, MValue = 2

// ** Remained 2 (66.7%) benchmark(s) to run. Estimated finish 2026-05-22 19:59 (0h 0m from now) **
Setup power plan (GUID: 8c5e7fda-e8bf-4a96-9a85-a6e23a8c635c FriendlyName: High performance)
// **************************
// Benchmark: DoubleListBenchmark.Contains: DefaultJob
// *** Execute ***
// Launch: 1 / 1
// Execute: dotnet BenchmarkCsharp-DefaultJob-1.dll --anonymousPipes 1512 1592 --benchmarkName BenchmarkCsharp.DoubleListBenchmark.Contains --job Default --benchmarkId 1 in C:\Users\braya\OneDrive\Desktop\BenchmarkCsharp\bin\Release\net10.0\BenchmarkCsharp-DefaultJob-1\bin\Release\net10.0
// BeforeAnythingElse

// Benchmark Process Environment Information:
// BenchmarkDotNet v0.15.8
// Runtime=.NET 10.0.8 (10.0.8, 10.0.826.23019), X64 RyuJIT x86-64-v3
// GC=Concurrent Workstation
// HardwareIntrinsics=AVX2+BMI1+BMI2+F16C+FMA+LZCNT+MOVBE,AVX,SSE3+SSSE3+SSE4.1+SSE4.2+POPCNT,X86Base+SSE+SSE2,AES+PCLMUL VectorSize=256
// Job: DefaultJob

OverheadJitting  1: 1 op, 142500.00 ns, 142.5000 us/op
WorkloadJitting  1: 1 op, 665600.00 ns, 665.6000 us/op

OverheadJitting  2: 16 op, 173100.00 ns, 10.8188 us/op
WorkloadJitting  2: 16 op, 533200.00 ns, 33.3250 us/op

WorkloadPilot    1: 16 op, 528600.00 ns, 33.0375 us/op
WorkloadPilot    2: 32 op, 695800.00 ns, 21.7438 us/op
WorkloadPilot    3: 64 op, 1122000.00 ns, 17.5313 us/op
WorkloadPilot    4: 128 op, 2619600.00 ns, 20.4656 us/op
WorkloadPilot    5: 256 op, 4856000.00 ns, 18.9688 us/op
WorkloadPilot    6: 512 op, 8916300.00 ns, 17.4146 us/op
WorkloadPilot    7: 1024 op, 17858700.00 ns, 17.4401 us/op
WorkloadPilot    8: 2048 op, 35684700.00 ns, 17.4242 us/op
WorkloadPilot    9: 4096 op, 71265900.00 ns, 17.3989 us/op
WorkloadPilot   10: 8192 op, 102788100.00 ns, 12.5474 us/op
WorkloadPilot   11: 16384 op, 156716800.00 ns, 9.5652 us/op
WorkloadPilot   12: 32768 op, 313711200.00 ns, 9.5737 us/op
WorkloadPilot   13: 65536 op, 623700700.00 ns, 9.5169 us/op

OverheadWarmup   1: 65536 op, 112600.00 ns, 1.7181 ns/op
OverheadWarmup   2: 65536 op, 167000.00 ns, 2.5482 ns/op
OverheadWarmup   3: 65536 op, 111300.00 ns, 1.6983 ns/op
OverheadWarmup   4: 65536 op, 111400.00 ns, 1.6998 ns/op
OverheadWarmup   5: 65536 op, 111400.00 ns, 1.6998 ns/op

OverheadActual   1: 65536 op, 112100.00 ns, 1.7105 ns/op
OverheadActual   2: 65536 op, 167400.00 ns, 2.5543 ns/op
OverheadActual   3: 65536 op, 111900.00 ns, 1.7075 ns/op
OverheadActual   4: 65536 op, 167000.00 ns, 2.5482 ns/op
OverheadActual   5: 65536 op, 111400.00 ns, 1.6998 ns/op
OverheadActual   6: 65536 op, 127300.00 ns, 1.9424 ns/op
OverheadActual   7: 65536 op, 111400.00 ns, 1.6998 ns/op
OverheadActual   8: 65536 op, 112000.00 ns, 1.7090 ns/op
OverheadActual   9: 65536 op, 127300.00 ns, 1.9424 ns/op
OverheadActual  10: 65536 op, 112000.00 ns, 1.7090 ns/op
OverheadActual  11: 65536 op, 137400.00 ns, 2.0966 ns/op
OverheadActual  12: 65536 op, 127200.00 ns, 1.9409 ns/op
OverheadActual  13: 65536 op, 111900.00 ns, 1.7075 ns/op
OverheadActual  14: 65536 op, 112100.00 ns, 1.7105 ns/op
OverheadActual  15: 65536 op, 112000.00 ns, 1.7090 ns/op
OverheadActual  16: 65536 op, 112000.00 ns, 1.7090 ns/op
OverheadActual  17: 65536 op, 167000.00 ns, 2.5482 ns/op
OverheadActual  18: 65536 op, 111400.00 ns, 1.6998 ns/op
OverheadActual  19: 65536 op, 160500.00 ns, 2.4490 ns/op
OverheadActual  20: 65536 op, 112100.00 ns, 1.7105 ns/op

WorkloadWarmup   1: 65536 op, 650535000.00 ns, 9.9264 us/op
WorkloadWarmup   2: 65536 op, 634337900.00 ns, 9.6792 us/op
WorkloadWarmup   3: 65536 op, 648446300.00 ns, 9.8945 us/op
WorkloadWarmup   4: 65536 op, 658373100.00 ns, 10.0460 us/op
WorkloadWarmup   5: 65536 op, 660877300.00 ns, 10.0842 us/op
WorkloadWarmup   6: 65536 op, 655730900.00 ns, 10.0057 us/op
WorkloadWarmup   7: 65536 op, 656915300.00 ns, 10.0237 us/op
WorkloadWarmup   8: 65536 op, 650169600.00 ns, 9.9208 us/op

// BeforeActualRun
WorkloadActual   1: 65536 op, 648897800.00 ns, 9.9014 us/op
WorkloadActual   2: 65536 op, 652325300.00 ns, 9.9537 us/op
WorkloadActual   3: 65536 op, 656867000.00 ns, 10.0230 us/op
WorkloadActual   4: 65536 op, 638409100.00 ns, 9.7413 us/op
WorkloadActual   5: 65536 op, 640754800.00 ns, 9.7771 us/op
WorkloadActual   6: 65536 op, 648500300.00 ns, 9.8953 us/op
WorkloadActual   7: 65536 op, 640804500.00 ns, 9.7779 us/op
WorkloadActual   8: 65536 op, 646265700.00 ns, 9.8612 us/op
WorkloadActual   9: 65536 op, 651464600.00 ns, 9.9406 us/op
WorkloadActual  10: 65536 op, 662182800.00 ns, 10.1041 us/op
WorkloadActual  11: 65536 op, 663494300.00 ns, 10.1241 us/op
WorkloadActual  12: 65536 op, 661513200.00 ns, 10.0939 us/op
WorkloadActual  13: 65536 op, 645325100.00 ns, 9.8469 us/op
WorkloadActual  14: 65536 op, 652342100.00 ns, 9.9540 us/op
WorkloadActual  15: 65536 op, 657458700.00 ns, 10.0320 us/op

// AfterActualRun
WorkloadResult   1: 65536 op, 648785700.00 ns, 9.8997 us/op
WorkloadResult   2: 65536 op, 652213200.00 ns, 9.9520 us/op
WorkloadResult   3: 65536 op, 656754900.00 ns, 10.0213 us/op
WorkloadResult   4: 65536 op, 638297000.00 ns, 9.7396 us/op
WorkloadResult   5: 65536 op, 640642700.00 ns, 9.7754 us/op
WorkloadResult   6: 65536 op, 648388200.00 ns, 9.8936 us/op
WorkloadResult   7: 65536 op, 640692400.00 ns, 9.7762 us/op
WorkloadResult   8: 65536 op, 646153600.00 ns, 9.8595 us/op
WorkloadResult   9: 65536 op, 651352500.00 ns, 9.9389 us/op
WorkloadResult  10: 65536 op, 662070700.00 ns, 10.1024 us/op
WorkloadResult  11: 65536 op, 663382200.00 ns, 10.1224 us/op
WorkloadResult  12: 65536 op, 661401100.00 ns, 10.0922 us/op
WorkloadResult  13: 65536 op, 645213000.00 ns, 9.8452 us/op
WorkloadResult  14: 65536 op, 652230000.00 ns, 9.9522 us/op
WorkloadResult  15: 65536 op, 657346600.00 ns, 10.0303 us/op
// GC:  0 0 0 0 65536
// Threading:  0 0 65536

// AfterAll
// Benchmark Process 5800 has exited with code 0.

Mean = 9.933 μs, StdErr = 0.032 μs (0.32%), N = 15, StdDev = 0.123 μs
Min = 9.740 μs, Q1 = 9.852 μs, Median = 9.939 μs, Q3 = 10.026 μs, Max = 10.122 μs
IQR = 0.173 μs, LowerFence = 9.592 μs, UpperFence = 10.286 μs
ConfidenceInterval = [9.802 μs; 10.064 μs] (CI 99.9%), Margin = 0.131 μs (1.32% of Mean)
Skewness = 0.03, Kurtosis = 1.65, MValue = 2

// ** Remained 1 (33.3%) benchmark(s) to run. Estimated finish 2026-05-22 19:59 (0h 0m from now) **
Setup power plan (GUID: 8c5e7fda-e8bf-4a96-9a85-a6e23a8c635c FriendlyName: High performance)
// **************************
// Benchmark: DoubleListBenchmark.Remove: DefaultJob
// *** Execute ***
// Launch: 1 / 1
// Execute: dotnet BenchmarkCsharp-DefaultJob-1.dll --anonymousPipes 1528 1604 --benchmarkName BenchmarkCsharp.DoubleListBenchmark.Remove --job Default --benchmarkId 2 in C:\Users\braya\OneDrive\Desktop\BenchmarkCsharp\bin\Release\net10.0\BenchmarkCsharp-DefaultJob-1\bin\Release\net10.0
// BeforeAnythingElse

// Benchmark Process Environment Information:
// BenchmarkDotNet v0.15.8
// Runtime=.NET 10.0.8 (10.0.8, 10.0.826.23019), X64 RyuJIT x86-64-v3
// GC=Concurrent Workstation
// HardwareIntrinsics=AVX2+BMI1+BMI2+F16C+FMA+LZCNT+MOVBE,AVX,SSE3+SSSE3+SSE4.1+SSE4.2+POPCNT,X86Base+SSE+SSE2,AES+PCLMUL VectorSize=256
// Job: DefaultJob

OverheadJitting  1: 1 op, 140300.00 ns, 140.3000 us/op
WorkloadJitting  1: 1 op, 57668900.00 ns, 57.6689 ms/op

WorkloadPilot    1: 2 op, 115501200.00 ns, 57.7506 ms/op
WorkloadPilot    2: 3 op, 171026100.00 ns, 57.0087 ms/op
WorkloadPilot    3: 4 op, 227537500.00 ns, 56.8844 ms/op
WorkloadPilot    4: 5 op, 281513300.00 ns, 56.3027 ms/op
WorkloadPilot    5: 6 op, 341072400.00 ns, 56.8454 ms/op
WorkloadPilot    6: 7 op, 399502500.00 ns, 57.0718 ms/op
WorkloadPilot    7: 8 op, 457796400.00 ns, 57.2246 ms/op
WorkloadPilot    8: 9 op, 514555600.00 ns, 57.1728 ms/op

WorkloadWarmup   1: 9 op, 528566200.00 ns, 58.7296 ms/op
WorkloadWarmup   2: 9 op, 524725700.00 ns, 58.3029 ms/op
WorkloadWarmup   3: 9 op, 523774500.00 ns, 58.1972 ms/op
WorkloadWarmup   4: 9 op, 521531700.00 ns, 57.9480 ms/op
WorkloadWarmup   5: 9 op, 520423500.00 ns, 57.8248 ms/op
WorkloadWarmup   6: 9 op, 526265000.00 ns, 58.4739 ms/op
WorkloadWarmup   7: 9 op, 521908700.00 ns, 57.9899 ms/op
WorkloadWarmup   8: 9 op, 520438500.00 ns, 57.8265 ms/op
WorkloadWarmup   9: 9 op, 528825800.00 ns, 58.7584 ms/op
WorkloadWarmup  10: 9 op, 525003400.00 ns, 58.3337 ms/op

// BeforeActualRun
WorkloadActual   1: 9 op, 527910000.00 ns, 58.6567 ms/op
WorkloadActual   2: 9 op, 532356900.00 ns, 59.1508 ms/op
WorkloadActual   3: 9 op, 529377100.00 ns, 58.8197 ms/op
WorkloadActual   4: 9 op, 526999300.00 ns, 58.5555 ms/op
WorkloadActual   5: 9 op, 531254800.00 ns, 59.0283 ms/op
WorkloadActual   6: 9 op, 562292700.00 ns, 62.4770 ms/op
WorkloadActual   7: 9 op, 525534800.00 ns, 58.3928 ms/op
WorkloadActual   8: 9 op, 527593200.00 ns, 58.6215 ms/op
WorkloadActual   9: 9 op, 528324600.00 ns, 58.7027 ms/op
WorkloadActual  10: 9 op, 524114900.00 ns, 58.2350 ms/op
WorkloadActual  11: 9 op, 525864500.00 ns, 58.4294 ms/op
WorkloadActual  12: 9 op, 522342200.00 ns, 58.0380 ms/op
WorkloadActual  13: 9 op, 524697100.00 ns, 58.2997 ms/op
WorkloadActual  14: 9 op, 525826200.00 ns, 58.4251 ms/op
WorkloadActual  15: 9 op, 527415800.00 ns, 58.6018 ms/op

// AfterActualRun
WorkloadResult   1: 9 op, 527910000.00 ns, 58.6567 ms/op
WorkloadResult   2: 9 op, 532356900.00 ns, 59.1508 ms/op
WorkloadResult   3: 9 op, 529377100.00 ns, 58.8197 ms/op
WorkloadResult   4: 9 op, 526999300.00 ns, 58.5555 ms/op
WorkloadResult   5: 9 op, 531254800.00 ns, 59.0283 ms/op
WorkloadResult   6: 9 op, 525534800.00 ns, 58.3928 ms/op
WorkloadResult   7: 9 op, 527593200.00 ns, 58.6215 ms/op
WorkloadResult   8: 9 op, 528324600.00 ns, 58.7027 ms/op
WorkloadResult   9: 9 op, 524114900.00 ns, 58.2350 ms/op
WorkloadResult  10: 9 op, 525864500.00 ns, 58.4294 ms/op
WorkloadResult  11: 9 op, 522342200.00 ns, 58.0380 ms/op
WorkloadResult  12: 9 op, 524697100.00 ns, 58.2997 ms/op
WorkloadResult  13: 9 op, 525826200.00 ns, 58.4251 ms/op
WorkloadResult  14: 9 op, 527415800.00 ns, 58.6018 ms/op
// GC:  0 0 0 3600000 9
// Threading:  0 0 9

// AfterAll
// Benchmark Process 21520 has exited with code 0.

Mean = 58.568 ms, StdErr = 0.080 ms (0.14%), N = 14, StdDev = 0.301 ms
Min = 58.038 ms, Q1 = 58.401 ms, Median = 58.579 ms, Q3 = 58.691 ms, Max = 59.151 ms
IQR = 0.290 ms, LowerFence = 57.965 ms, UpperFence = 59.127 ms
ConfidenceInterval = [58.229 ms; 58.908 ms] (CI 99.9%), Margin = 0.340 ms (0.58% of Mean)
Skewness = 0.25, Kurtosis = 2.28, MValue = 2

// ** Remained 0 (0.0%) benchmark(s) to run. Estimated finish 2026-05-22 19:59 (0h 0m from now) **
Successfully reverted power plan (GUID: 381b4222-f694-41f0-9685-ff5bb260df2e FriendlyName: Balanced)
// ***** BenchmarkRunner: Finish  *****

// * Export *
  BenchmarkDotNet.Artifacts\results\BenchmarkCsharp.DoubleListBenchmark-report.csv
  BenchmarkDotNet.Artifacts\results\BenchmarkCsharp.DoubleListBenchmark-report-github.md
  BenchmarkDotNet.Artifacts\results\BenchmarkCsharp.DoubleListBenchmark-report.html

// * Detailed results *
DoubleListBenchmark.Add: DefaultJob
Runtime = .NET 10.0.8 (10.0.8, 10.0.826.23019), X64 RyuJIT x86-64-v3; GC = Concurrent Workstation
Mean = 58.312 ms, StdErr = 0.215 ms (0.37%), N = 14, StdDev = 0.805 ms
Min = 57.345 ms, Q1 = 57.687 ms, Median = 58.260 ms, Q3 = 58.526 ms, Max = 60.159 ms
IQR = 0.839 ms, LowerFence = 56.430 ms, UpperFence = 59.784 ms
ConfidenceInterval = [57.404 ms; 59.220 ms] (CI 99.9%), Margin = 0.908 ms (1.56% of Mean)
Skewness = 0.88, Kurtosis = 2.75, MValue = 2
-------------------- Histogram --------------------
[56.906 ms ; 58.530 ms) | @@@@@@@@@@
[58.530 ms ; 60.468 ms) | @@@@
---------------------------------------------------

DoubleListBenchmark.Contains: DefaultJob
Runtime = .NET 10.0.8 (10.0.8, 10.0.826.23019), X64 RyuJIT x86-64-v3; GC = Concurrent Workstation
Mean = 9.933 μs, StdErr = 0.032 μs (0.32%), N = 15, StdDev = 0.123 μs
Min = 9.740 μs, Q1 = 9.852 μs, Median = 9.939 μs, Q3 = 10.026 μs, Max = 10.122 μs
IQR = 0.173 μs, LowerFence = 9.592 μs, UpperFence = 10.286 μs
ConfidenceInterval = [9.802 μs; 10.064 μs] (CI 99.9%), Margin = 0.131 μs (1.32% of Mean)
Skewness = 0.03, Kurtosis = 1.65, MValue = 2
-------------------- Histogram --------------------
[9.674 μs ; 10.188 μs) | @@@@@@@@@@@@@@@
---------------------------------------------------

DoubleListBenchmark.Remove: DefaultJob
Runtime = .NET 10.0.8 (10.0.8, 10.0.826.23019), X64 RyuJIT x86-64-v3; GC = Concurrent Workstation
Mean = 58.568 ms, StdErr = 0.080 ms (0.14%), N = 14, StdDev = 0.301 ms
Min = 58.038 ms, Q1 = 58.401 ms, Median = 58.579 ms, Q3 = 58.691 ms, Max = 59.151 ms
IQR = 0.290 ms, LowerFence = 57.965 ms, UpperFence = 59.127 ms
ConfidenceInterval = [58.229 ms; 58.908 ms] (CI 99.9%), Margin = 0.340 ms (0.58% of Mean)
Skewness = 0.25, Kurtosis = 2.28, MValue = 2
-------------------- Histogram --------------------
[57.962 ms ; 59.315 ms) | @@@@@@@@@@@@@@
---------------------------------------------------

// * Summary *

BenchmarkDotNet v0.15.8, Windows 11 (10.0.26200.8457/25H2/2025Update/HudsonValley2)
AMD Ryzen 7 7435HS 3.10GHz, 1 CPU, 16 logical and 8 physical cores
.NET SDK 10.0.300
  [Host]     : .NET 10.0.8 (10.0.8, 10.0.826.23019), X64 RyuJIT x86-64-v3
  DefaultJob : .NET 10.0.8 (10.0.8, 10.0.826.23019), X64 RyuJIT x86-64-v3


| Method   | Mean          | Error       | StdDev      | Allocated |
|--------- |--------------:|------------:|------------:|----------:|
| Add      | 58,311.922 μs | 907.7906 μs | 804.7327 μs |  400000 B |
| Contains |      9.933 μs |   0.1311 μs |   0.1226 μs |         - |
| Remove   | 58,568.344 μs | 339.7354 μs | 301.1666 μs |  400000 B |

// * Hints *
Outliers
  DoubleListBenchmark.Add: Default    -> 1 outlier  was  removed (62.14 ms)
  DoubleListBenchmark.Remove: Default -> 1 outlier  was  removed (62.48 ms)

// * Legends *
  Mean      : Arithmetic mean of all measurements
  Error     : Half of 99.9% confidence interval
  StdDev    : Standard deviation of all measurements
  Allocated : Allocated memory per single operation (managed only, inclusive, 1KB = 1024B)
  1 μs      : 1 Microsecond (0.000001 sec)

// * Diagnostic Output - MemoryDiagnoser *


// ***** BenchmarkRunner: End *****
Run time: 00:00:49 (49.67 sec), executed benchmarks: 3

Global total time: 00:00:56 (56.23 sec), executed benchmarks: 3
// * Artifacts cleanup *
Artifacts cleanup is finished
