// Validating benchmarks:
// ***** BenchmarkRunner: Start   *****
// ***** Found 3 benchmark(s) in total *****
// ***** Building 1 exe(s) in Parallel: Start   *****
// start dotnet  restore --nodeReuse:false /p:UseSharedCompilation=false /p:Deterministic=true /p:Optimize=true /p:ArtifactsPath="C:\Users\braya\OneDrive\Desktop\Projects\Projects\BenchmarkCsharp\bin\Release\net10.0\BenchmarkCsharp-DefaultJob-1/" /p:OutDir="C:\Users\braya\OneDrive\Desktop\Projects\Projects\BenchmarkCsharp\bin\Release\net10.0\BenchmarkCsharp-DefaultJob-1\bin\Release\net10.0/" /p:OutputPath="C:\Users\braya\OneDrive\Desktop\Projects\Projects\BenchmarkCsharp\bin\Release\net10.0\BenchmarkCsharp-DefaultJob-1\bin\Release\net10.0/" /p:PublishDir="C:\Users\braya\OneDrive\Desktop\Projects\Projects\BenchmarkCsharp\bin\Release\net10.0\BenchmarkCsharp-DefaultJob-1\publish/" in C:\Users\braya\OneDrive\Desktop\Projects\Projects\BenchmarkCsharp\bin\Release\net10.0\BenchmarkCsharp-DefaultJob-1
// command took 1.47 sec and exited with 0
// start dotnet  build -c Release --no-restore --nodeReuse:false /p:UseSharedCompilation=false /p:Deterministic=true /p:Optimize=true /p:ArtifactsPath="C:\Users\braya\OneDrive\Desktop\Projects\Projects\BenchmarkCsharp\bin\Release\net10.0\BenchmarkCsharp-DefaultJob-1/" /p:OutDir="C:\Users\braya\OneDrive\Desktop\Projects\Projects\BenchmarkCsharp\bin\Release\net10.0\BenchmarkCsharp-DefaultJob-1\bin\Release\net10.0/" /p:OutputPath="C:\Users\braya\OneDrive\Desktop\Projects\Projects\BenchmarkCsharp\bin\Release\net10.0\BenchmarkCsharp-DefaultJob-1\bin\Release\net10.0/" /p:PublishDir="C:\Users\braya\OneDrive\Desktop\Projects\Projects\BenchmarkCsharp\bin\Release\net10.0\BenchmarkCsharp-DefaultJob-1\publish/" --output "C:\Users\braya\OneDrive\Desktop\Projects\Projects\BenchmarkCsharp\bin\Release\net10.0\BenchmarkCsharp-DefaultJob-1\bin\Release\net10.0/" in C:\Users\braya\OneDrive\Desktop\Projects\Projects\BenchmarkCsharp\bin\Release\net10.0\BenchmarkCsharp-DefaultJob-1
// command took 5.16 sec and exited with 0
// ***** Done, took 00:00:06 (6.7 sec)   *****
// Found 3 benchmarks:
//   SimpleListBenchmark.Add1000: DefaultJob
//   SimpleListBenchmark.Contains1000: DefaultJob
//   SimpleListBenchmark.Remove1000: DefaultJob

Setup power plan (GUID: 8c5e7fda-e8bf-4a96-9a85-a6e23a8c635c FriendlyName: High performance)
// **************************
// Benchmark: SimpleListBenchmark.Add1000: DefaultJob
// *** Execute ***
// Launch: 1 / 1
// Execute: dotnet BenchmarkCsharp-DefaultJob-1.dll --anonymousPipes 1532 1536 --benchmarkName BenchmarkCsharp.SimpleListBenchmark.Add1000 --job Default --benchmarkId 0 in C:\Users\braya\OneDrive\Desktop\Projects\Projects\BenchmarkCsharp\bin\Release\net10.0\BenchmarkCsharp-DefaultJob-1\bin\Release\net10.0
// BeforeAnythingElse

// Benchmark Process Environment Information:
// BenchmarkDotNet v0.15.8
// Runtime=.NET 10.0.8 (10.0.8, 10.0.826.23019), X64 RyuJIT x86-64-v3
// GC=Concurrent Workstation
// HardwareIntrinsics=AVX2+BMI1+BMI2+F16C+FMA+LZCNT+MOVBE,AVX,SSE3+SSSE3+SSE4.1+SSE4.2+POPCNT,X86Base+SSE+SSE2,AES+PCLMUL VectorSize=256
// Job: DefaultJob

OverheadJitting  1: 1 op, 155000.00 ns, 155.0000 us/op
WorkloadJitting  1: 1 op, 3147800.00 ns, 3.1478 ms/op

OverheadJitting  2: 16 op, 193600.00 ns, 12.1000 us/op
WorkloadJitting  2: 16 op, 84106900.00 ns, 5.2567 ms/op

WorkloadPilot    1: 16 op, 68857700.00 ns, 4.3036 ms/op
WorkloadPilot    2: 32 op, 135815200.00 ns, 4.2442 ms/op
WorkloadPilot    3: 64 op, 37982800.00 ns, 593.4813 us/op
WorkloadPilot    4: 128 op, 73619300.00 ns, 575.1508 us/op
WorkloadPilot    5: 256 op, 145787500.00 ns, 569.4824 us/op
WorkloadPilot    6: 512 op, 290112800.00 ns, 566.6266 us/op
WorkloadPilot    7: 1024 op, 576173100.00 ns, 562.6690 us/op

OverheadWarmup   1: 1024 op, 3400.00 ns, 3.3203 ns/op
OverheadWarmup   2: 1024 op, 2000.00 ns, 1.9531 ns/op
OverheadWarmup   3: 1024 op, 3300.00 ns, 3.2227 ns/op
OverheadWarmup   4: 1024 op, 2100.00 ns, 2.0508 ns/op
OverheadWarmup   5: 1024 op, 2200.00 ns, 2.1484 ns/op
OverheadWarmup   6: 1024 op, 3100.00 ns, 3.0273 ns/op
OverheadWarmup   7: 1024 op, 2100.00 ns, 2.0508 ns/op

OverheadActual   1: 1024 op, 2100.00 ns, 2.0508 ns/op
OverheadActual   2: 1024 op, 2400.00 ns, 2.3438 ns/op
OverheadActual   3: 1024 op, 2900.00 ns, 2.8320 ns/op
OverheadActual   4: 1024 op, 2200.00 ns, 2.1484 ns/op
OverheadActual   5: 1024 op, 2100.00 ns, 2.0508 ns/op
OverheadActual   6: 1024 op, 2000.00 ns, 1.9531 ns/op
OverheadActual   7: 1024 op, 3500.00 ns, 3.4180 ns/op
OverheadActual   8: 1024 op, 2000.00 ns, 1.9531 ns/op
OverheadActual   9: 1024 op, 2100.00 ns, 2.0508 ns/op
OverheadActual  10: 1024 op, 2100.00 ns, 2.0508 ns/op
OverheadActual  11: 1024 op, 2100.00 ns, 2.0508 ns/op
OverheadActual  12: 1024 op, 2100.00 ns, 2.0508 ns/op
OverheadActual  13: 1024 op, 2200.00 ns, 2.1484 ns/op
OverheadActual  14: 1024 op, 2100.00 ns, 2.0508 ns/op
OverheadActual  15: 1024 op, 2100.00 ns, 2.0508 ns/op

WorkloadWarmup   1: 1024 op, 572500100.00 ns, 559.0821 us/op
WorkloadWarmup   2: 1024 op, 570526400.00 ns, 557.1547 us/op
WorkloadWarmup   3: 1024 op, 569531700.00 ns, 556.1833 us/op
WorkloadWarmup   4: 1024 op, 560889900.00 ns, 547.7440 us/op
WorkloadWarmup   5: 1024 op, 563083000.00 ns, 549.8857 us/op
WorkloadWarmup   6: 1024 op, 560116300.00 ns, 546.9886 us/op
WorkloadWarmup   7: 1024 op, 563769800.00 ns, 550.5564 us/op
WorkloadWarmup   8: 1024 op, 569317200.00 ns, 555.9738 us/op
WorkloadWarmup   9: 1024 op, 557046100.00 ns, 543.9903 us/op

// BeforeActualRun
WorkloadActual   1: 1024 op, 557544900.00 ns, 544.4774 us/op
WorkloadActual   2: 1024 op, 554772000.00 ns, 541.7695 us/op
WorkloadActual   3: 1024 op, 553494000.00 ns, 540.5215 us/op
WorkloadActual   4: 1024 op, 555047800.00 ns, 542.0389 us/op
WorkloadActual   5: 1024 op, 554130100.00 ns, 541.1427 us/op
WorkloadActual   6: 1024 op, 562075300.00 ns, 548.9017 us/op
WorkloadActual   7: 1024 op, 554638000.00 ns, 541.6387 us/op
WorkloadActual   8: 1024 op, 554150900.00 ns, 541.1630 us/op
WorkloadActual   9: 1024 op, 578737900.00 ns, 565.1737 us/op
WorkloadActual  10: 1024 op, 580600700.00 ns, 566.9929 us/op
WorkloadActual  11: 1024 op, 582108700.00 ns, 568.4655 us/op
WorkloadActual  12: 1024 op, 581897100.00 ns, 568.2589 us/op
WorkloadActual  13: 1024 op, 582997800.00 ns, 569.3338 us/op
WorkloadActual  14: 1024 op, 586248900.00 ns, 572.5087 us/op
WorkloadActual  15: 1024 op, 582597700.00 ns, 568.9431 us/op
WorkloadActual  16: 1024 op, 581582500.00 ns, 567.9517 us/op
WorkloadActual  17: 1024 op, 582843600.00 ns, 569.1832 us/op
WorkloadActual  18: 1024 op, 581980900.00 ns, 568.3407 us/op
WorkloadActual  19: 1024 op, 578976500.00 ns, 565.4067 us/op
WorkloadActual  20: 1024 op, 581846000.00 ns, 568.2090 us/op
WorkloadActual  21: 1024 op, 582714100.00 ns, 569.0567 us/op

// AfterActualRun
WorkloadResult   1: 1024 op, 557542800.00 ns, 544.4754 us/op
WorkloadResult   2: 1024 op, 554769900.00 ns, 541.7675 us/op
WorkloadResult   3: 1024 op, 553491900.00 ns, 540.5194 us/op
WorkloadResult   4: 1024 op, 555045700.00 ns, 542.0368 us/op
WorkloadResult   5: 1024 op, 554128000.00 ns, 541.1406 us/op
WorkloadResult   6: 1024 op, 562073200.00 ns, 548.8996 us/op
WorkloadResult   7: 1024 op, 554635900.00 ns, 541.6366 us/op
WorkloadResult   8: 1024 op, 554148800.00 ns, 541.1609 us/op
WorkloadResult   9: 1024 op, 578735800.00 ns, 565.1717 us/op
WorkloadResult  10: 1024 op, 580598600.00 ns, 566.9908 us/op
WorkloadResult  11: 1024 op, 582106600.00 ns, 568.4635 us/op
WorkloadResult  12: 1024 op, 581895000.00 ns, 568.2568 us/op
WorkloadResult  13: 1024 op, 582995700.00 ns, 569.3317 us/op
WorkloadResult  14: 1024 op, 586246800.00 ns, 572.5066 us/op
WorkloadResult  15: 1024 op, 582595600.00 ns, 568.9410 us/op
WorkloadResult  16: 1024 op, 581580400.00 ns, 567.9496 us/op
WorkloadResult  17: 1024 op, 582841500.00 ns, 569.1812 us/op
WorkloadResult  18: 1024 op, 581978800.00 ns, 568.3387 us/op
WorkloadResult  19: 1024 op, 578974400.00 ns, 565.4047 us/op
WorkloadResult  20: 1024 op, 581843900.00 ns, 568.2069 us/op
WorkloadResult  21: 1024 op, 582712000.00 ns, 569.0547 us/op
// GC:  3 0 0 32768000 1024
// Threading:  0 0 1024

// AfterAll
// Benchmark Process 3580 has exited with code 0.

Mean = 558.545 μs, StdErr = 2.819 μs (0.50%), N = 21, StdDev = 12.916 μs
Min = 540.519 μs, Q1 = 542.037 μs, Median = 566.991 μs, Q3 = 568.463 μs, Max = 572.507 μs
IQR = 26.427 μs, LowerFence = 502.397 μs, UpperFence = 608.103 μs
ConfidenceInterval = [547.694 μs; 569.395 μs] (CI 99.9%), Margin = 10.850 μs (1.94% of Mean)
Skewness = -0.46, Kurtosis = 1.22, MValue = 3.23

// ** Remained 2 (66.7%) benchmark(s) to run. Estimated finish 2026-05-22 18:11 (0h 0m from now) **
Setup power plan (GUID: 8c5e7fda-e8bf-4a96-9a85-a6e23a8c635c FriendlyName: High performance)
// **************************
// Benchmark: SimpleListBenchmark.Contains1000: DefaultJob
// *** Execute ***
// Launch: 1 / 1
// Execute: dotnet BenchmarkCsharp-DefaultJob-1.dll --anonymousPipes 1548 1544 --benchmarkName BenchmarkCsharp.SimpleListBenchmark.Contains1000 --job Default --benchmarkId 1 in C:\Users\braya\OneDrive\Desktop\Projects\Projects\BenchmarkCsharp\bin\Release\net10.0\BenchmarkCsharp-DefaultJob-1\bin\Release\net10.0
// BeforeAnythingElse

// Benchmark Process Environment Information:
// BenchmarkDotNet v0.15.8
// Runtime=.NET 10.0.8 (10.0.8, 10.0.826.23019), X64 RyuJIT x86-64-v3
// GC=Concurrent Workstation
// HardwareIntrinsics=AVX2+BMI1+BMI2+F16C+FMA+LZCNT+MOVBE,AVX,SSE3+SSSE3+SSE4.1+SSE4.2+POPCNT,X86Base+SSE+SSE2,AES+PCLMUL VectorSize=256
// Job: DefaultJob

OverheadJitting  1: 1 op, 144600.00 ns, 144.6000 us/op
WorkloadJitting  1: 1 op, 3349500.00 ns, 3.3495 ms/op

OverheadJitting  2: 16 op, 188200.00 ns, 11.7625 us/op
WorkloadJitting  2: 16 op, 85174900.00 ns, 5.3234 ms/op

WorkloadPilot    1: 16 op, 51335900.00 ns, 3.2085 ms/op
WorkloadPilot    2: 32 op, 107713500.00 ns, 3.3660 ms/op
WorkloadPilot    3: 64 op, 84455400.00 ns, 1.3196 ms/op
WorkloadPilot    4: 128 op, 75189000.00 ns, 587.4141 us/op
WorkloadPilot    5: 256 op, 145940100.00 ns, 570.0785 us/op
WorkloadPilot    6: 512 op, 280057000.00 ns, 546.9863 us/op
WorkloadPilot    7: 1024 op, 559714300.00 ns, 546.5960 us/op

OverheadWarmup   1: 1024 op, 4600.00 ns, 4.4922 ns/op
OverheadWarmup   2: 1024 op, 3000.00 ns, 2.9297 ns/op
OverheadWarmup   3: 1024 op, 3000.00 ns, 2.9297 ns/op
OverheadWarmup   4: 1024 op, 2000.00 ns, 1.9531 ns/op
OverheadWarmup   5: 1024 op, 2100.00 ns, 2.0508 ns/op
OverheadWarmup   6: 1024 op, 2000.00 ns, 1.9531 ns/op

OverheadActual   1: 1024 op, 2000.00 ns, 1.9531 ns/op
OverheadActual   2: 1024 op, 2000.00 ns, 1.9531 ns/op
OverheadActual   3: 1024 op, 2600.00 ns, 2.5391 ns/op
OverheadActual   4: 1024 op, 3300.00 ns, 3.2227 ns/op
OverheadActual   5: 1024 op, 2100.00 ns, 2.0508 ns/op
OverheadActual   6: 1024 op, 2000.00 ns, 1.9531 ns/op
OverheadActual   7: 1024 op, 2000.00 ns, 1.9531 ns/op
OverheadActual   8: 1024 op, 2000.00 ns, 1.9531 ns/op
OverheadActual   9: 1024 op, 3000.00 ns, 2.9297 ns/op
OverheadActual  10: 1024 op, 2200.00 ns, 2.1484 ns/op
OverheadActual  11: 1024 op, 2100.00 ns, 2.0508 ns/op
OverheadActual  12: 1024 op, 2000.00 ns, 1.9531 ns/op
OverheadActual  13: 1024 op, 3700.00 ns, 3.6133 ns/op
OverheadActual  14: 1024 op, 2000.00 ns, 1.9531 ns/op
OverheadActual  15: 1024 op, 2000.00 ns, 1.9531 ns/op
OverheadActual  16: 1024 op, 2100.00 ns, 2.0508 ns/op
OverheadActual  17: 1024 op, 2100.00 ns, 2.0508 ns/op

WorkloadWarmup   1: 1024 op, 559701600.00 ns, 546.5836 us/op
WorkloadWarmup   2: 1024 op, 556304500.00 ns, 543.2661 us/op
WorkloadWarmup   3: 1024 op, 557573000.00 ns, 544.5049 us/op
WorkloadWarmup   4: 1024 op, 564470500.00 ns, 551.2407 us/op
WorkloadWarmup   5: 1024 op, 558840500.00 ns, 545.7427 us/op
WorkloadWarmup   6: 1024 op, 558803300.00 ns, 545.7063 us/op
WorkloadWarmup   7: 1024 op, 556446000.00 ns, 543.4043 us/op
WorkloadWarmup   8: 1024 op, 560258200.00 ns, 547.1271 us/op
WorkloadWarmup   9: 1024 op, 556476600.00 ns, 543.4342 us/op

// BeforeActualRun
WorkloadActual   1: 1024 op, 558473000.00 ns, 545.3838 us/op
WorkloadActual   2: 1024 op, 557129400.00 ns, 544.0717 us/op
WorkloadActual   3: 1024 op, 557238200.00 ns, 544.1779 us/op
WorkloadActual   4: 1024 op, 562975400.00 ns, 549.7807 us/op
WorkloadActual   5: 1024 op, 561908900.00 ns, 548.7392 us/op
WorkloadActual   6: 1024 op, 558012400.00 ns, 544.9340 us/op
WorkloadActual   7: 1024 op, 557333100.00 ns, 544.2706 us/op
WorkloadActual   8: 1024 op, 556909800.00 ns, 543.8572 us/op
WorkloadActual   9: 1024 op, 558745800.00 ns, 545.6502 us/op
WorkloadActual  10: 1024 op, 561023700.00 ns, 547.8747 us/op
WorkloadActual  11: 1024 op, 557523700.00 ns, 544.4567 us/op
WorkloadActual  12: 1024 op, 556698500.00 ns, 543.6509 us/op
WorkloadActual  13: 1024 op, 558129300.00 ns, 545.0481 us/op
WorkloadActual  14: 1024 op, 557293200.00 ns, 544.2316 us/op
WorkloadActual  15: 1024 op, 558132800.00 ns, 545.0516 us/op

// AfterActualRun
WorkloadResult   1: 1024 op, 558470900.00 ns, 545.3817 us/op
WorkloadResult   2: 1024 op, 557127300.00 ns, 544.0696 us/op
WorkloadResult   3: 1024 op, 557236100.00 ns, 544.1759 us/op
WorkloadResult   4: 1024 op, 558010300.00 ns, 544.9319 us/op
WorkloadResult   5: 1024 op, 557331000.00 ns, 544.2686 us/op
WorkloadResult   6: 1024 op, 556907700.00 ns, 543.8552 us/op
WorkloadResult   7: 1024 op, 558743700.00 ns, 545.6481 us/op
WorkloadResult   8: 1024 op, 557521600.00 ns, 544.4547 us/op
WorkloadResult   9: 1024 op, 556696400.00 ns, 543.6488 us/op
WorkloadResult  10: 1024 op, 558127200.00 ns, 545.0461 us/op
WorkloadResult  11: 1024 op, 557291100.00 ns, 544.2296 us/op
WorkloadResult  12: 1024 op, 558130700.00 ns, 545.0495 us/op
// GC:  3 0 0 32768000 1024
// Threading:  0 0 1024

// AfterAll
// Benchmark Process 17972 has exited with code 0.

Mean = 544.563 μs, StdErr = 0.182 μs (0.03%), N = 12, StdDev = 0.632 μs
Min = 543.649 μs, Q1 = 544.149 μs, Median = 544.362 μs, Q3 = 545.047 μs, Max = 545.648 μs
IQR = 0.898 μs, LowerFence = 542.803 μs, UpperFence = 546.393 μs
ConfidenceInterval = [543.754 μs; 545.373 μs] (CI 99.9%), Margin = 0.809 μs (0.15% of Mean)
Skewness = 0.24, Kurtosis = 1.57, MValue = 2

// ** Remained 1 (33.3%) benchmark(s) to run. Estimated finish 2026-05-22 18:11 (0h 0m from now) **
Setup power plan (GUID: 8c5e7fda-e8bf-4a96-9a85-a6e23a8c635c FriendlyName: High performance)
// **************************
// Benchmark: SimpleListBenchmark.Remove1000: DefaultJob
// *** Execute ***
// Launch: 1 / 1
// Execute: dotnet BenchmarkCsharp-DefaultJob-1.dll --anonymousPipes 1592 1496 --benchmarkName BenchmarkCsharp.SimpleListBenchmark.Remove1000 --job Default --benchmarkId 2 in C:\Users\braya\OneDrive\Desktop\Projects\Projects\BenchmarkCsharp\bin\Release\net10.0\BenchmarkCsharp-DefaultJob-1\bin\Release\net10.0
// BeforeAnythingElse

// Benchmark Process Environment Information:
// BenchmarkDotNet v0.15.8
// Runtime=.NET 10.0.8 (10.0.8, 10.0.826.23019), X64 RyuJIT x86-64-v3
// GC=Concurrent Workstation
// HardwareIntrinsics=AVX2+BMI1+BMI2+F16C+FMA+LZCNT+MOVBE,AVX,SSE3+SSSE3+SSE4.1+SSE4.2+POPCNT,X86Base+SSE+SSE2,AES+PCLMUL VectorSize=256
// Job: DefaultJob

OverheadJitting  1: 1 op, 152900.00 ns, 152.9000 us/op
WorkloadJitting  1: 1 op, 6939100.00 ns, 6.9391 ms/op

OverheadJitting  2: 16 op, 176800.00 ns, 11.0500 us/op
WorkloadJitting  2: 16 op, 69030700.00 ns, 4.3144 ms/op

WorkloadPilot    1: 16 op, 53932400.00 ns, 3.3708 ms/op
WorkloadPilot    2: 32 op, 116855200.00 ns, 3.6517 ms/op
WorkloadPilot    3: 64 op, 93880700.00 ns, 1.4669 ms/op
WorkloadPilot    4: 128 op, 70840400.00 ns, 553.4406 us/op
WorkloadPilot    5: 256 op, 141807300.00 ns, 553.9348 us/op
WorkloadPilot    6: 512 op, 278089800.00 ns, 543.1441 us/op
WorkloadPilot    7: 1024 op, 554248000.00 ns, 541.2578 us/op

OverheadWarmup   1: 1024 op, 5200.00 ns, 5.0781 ns/op
OverheadWarmup   2: 1024 op, 2900.00 ns, 2.8320 ns/op
OverheadWarmup   3: 1024 op, 3100.00 ns, 3.0273 ns/op
OverheadWarmup   4: 1024 op, 3100.00 ns, 3.0273 ns/op
OverheadWarmup   5: 1024 op, 2000.00 ns, 1.9531 ns/op
OverheadWarmup   6: 1024 op, 2000.00 ns, 1.9531 ns/op

OverheadActual   1: 1024 op, 2100.00 ns, 2.0508 ns/op
OverheadActual   2: 1024 op, 2200.00 ns, 2.1484 ns/op
OverheadActual   3: 1024 op, 2200.00 ns, 2.1484 ns/op
OverheadActual   4: 1024 op, 2100.00 ns, 2.0508 ns/op
OverheadActual   5: 1024 op, 3300.00 ns, 3.2227 ns/op
OverheadActual   6: 1024 op, 2100.00 ns, 2.0508 ns/op
OverheadActual   7: 1024 op, 2100.00 ns, 2.0508 ns/op
OverheadActual   8: 1024 op, 2000.00 ns, 1.9531 ns/op
OverheadActual   9: 1024 op, 2100.00 ns, 2.0508 ns/op
OverheadActual  10: 1024 op, 2100.00 ns, 2.0508 ns/op
OverheadActual  11: 1024 op, 2100.00 ns, 2.0508 ns/op
OverheadActual  12: 1024 op, 1900.00 ns, 1.8555 ns/op
OverheadActual  13: 1024 op, 2000.00 ns, 1.9531 ns/op
OverheadActual  14: 1024 op, 2000.00 ns, 1.9531 ns/op
OverheadActual  15: 1024 op, 3000.00 ns, 2.9297 ns/op

WorkloadWarmup   1: 1024 op, 560467500.00 ns, 547.3315 us/op
WorkloadWarmup   2: 1024 op, 556867900.00 ns, 543.8163 us/op
WorkloadWarmup   3: 1024 op, 555630300.00 ns, 542.6077 us/op
WorkloadWarmup   4: 1024 op, 554676900.00 ns, 541.6767 us/op
WorkloadWarmup   5: 1024 op, 557572500.00 ns, 544.5044 us/op
WorkloadWarmup   6: 1024 op, 557464200.00 ns, 544.3986 us/op
WorkloadWarmup   7: 1024 op, 555629700.00 ns, 542.6071 us/op
WorkloadWarmup   8: 1024 op, 579881200.00 ns, 566.2902 us/op
WorkloadWarmup   9: 1024 op, 585787600.00 ns, 572.0582 us/op
WorkloadWarmup  10: 1024 op, 582106500.00 ns, 568.4634 us/op

// BeforeActualRun
WorkloadActual   1: 1024 op, 580738500.00 ns, 567.1274 us/op
WorkloadActual   2: 1024 op, 581001200.00 ns, 567.3840 us/op
WorkloadActual   3: 1024 op, 586870500.00 ns, 573.1157 us/op
WorkloadActual   4: 1024 op, 588860400.00 ns, 575.0590 us/op
WorkloadActual   5: 1024 op, 596833500.00 ns, 582.8452 us/op
WorkloadActual   6: 1024 op, 596988800.00 ns, 582.9969 us/op
WorkloadActual   7: 1024 op, 591013100.00 ns, 577.1612 us/op
WorkloadActual   8: 1024 op, 588640500.00 ns, 574.8442 us/op
WorkloadActual   9: 1024 op, 597393800.00 ns, 583.3924 us/op
WorkloadActual  10: 1024 op, 613375000.00 ns, 598.9990 us/op
WorkloadActual  11: 1024 op, 587732100.00 ns, 573.9571 us/op
WorkloadActual  12: 1024 op, 579869400.00 ns, 566.2787 us/op
WorkloadActual  13: 1024 op, 620232600.00 ns, 605.6959 us/op
WorkloadActual  14: 1024 op, 620608800.00 ns, 606.0633 us/op
WorkloadActual  15: 1024 op, 633427300.00 ns, 618.5813 us/op
WorkloadActual  16: 1024 op, 587764900.00 ns, 573.9892 us/op
WorkloadActual  17: 1024 op, 580333500.00 ns, 566.7319 us/op

// AfterActualRun
WorkloadResult   1: 1024 op, 580736400.00 ns, 567.1254 us/op
WorkloadResult   2: 1024 op, 580999100.00 ns, 567.3819 us/op
WorkloadResult   3: 1024 op, 586868400.00 ns, 573.1137 us/op
WorkloadResult   4: 1024 op, 588858300.00 ns, 575.0569 us/op
WorkloadResult   5: 1024 op, 596831400.00 ns, 582.8432 us/op
WorkloadResult   6: 1024 op, 596986700.00 ns, 582.9948 us/op
WorkloadResult   7: 1024 op, 591011000.00 ns, 577.1592 us/op
WorkloadResult   8: 1024 op, 588638400.00 ns, 574.8422 us/op
WorkloadResult   9: 1024 op, 597391700.00 ns, 583.3903 us/op
WorkloadResult  10: 1024 op, 587730000.00 ns, 573.9551 us/op
WorkloadResult  11: 1024 op, 579867300.00 ns, 566.2767 us/op
WorkloadResult  12: 1024 op, 587762800.00 ns, 573.9871 us/op
WorkloadResult  13: 1024 op, 580331400.00 ns, 566.7299 us/op
// GC:  3 0 0 32768032 1024
// Threading:  0 0 1024

// AfterAll
// Benchmark Process 9540 has exited with code 0.

Mean = 574.220 μs, StdErr = 1.722 μs (0.30%), N = 13, StdDev = 6.210 μs
Min = 566.277 μs, Q1 = 567.382 μs, Median = 573.987 μs, Q3 = 577.159 μs, Max = 583.390 μs
IQR = 9.777 μs, LowerFence = 552.716 μs, UpperFence = 591.825 μs
ConfidenceInterval = [566.783 μs; 581.657 μs] (CI 99.9%), Margin = 7.437 μs (1.30% of Mean)
Skewness = 0.17, Kurtosis = 1.57, MValue = 2

// ** Remained 0 (0.0%) benchmark(s) to run. Estimated finish 2026-05-22 18:11 (0h 0m from now) **
Successfully reverted power plan (GUID: 381b4222-f694-41f0-9685-ff5bb260df2e FriendlyName: Balanced)
// ***** BenchmarkRunner: Finish  *****

// * Export *
  BenchmarkDotNet.Artifacts\results\BenchmarkCsharp.SimpleListBenchmark-report.csv
  BenchmarkDotNet.Artifacts\results\BenchmarkCsharp.SimpleListBenchmark-report-github.md
  BenchmarkDotNet.Artifacts\results\BenchmarkCsharp.SimpleListBenchmark-report.html

// * Detailed results *
SimpleListBenchmark.Add1000: DefaultJob
Runtime = .NET 10.0.8 (10.0.8, 10.0.826.23019), X64 RyuJIT x86-64-v3; GC = Concurrent Workstation
Mean = 558.545 μs, StdErr = 2.819 μs (0.50%), N = 21, StdDev = 12.916 μs
Min = 540.519 μs, Q1 = 542.037 μs, Median = 566.991 μs, Q3 = 568.463 μs, Max = 572.507 μs
IQR = 26.427 μs, LowerFence = 502.397 μs, UpperFence = 608.103 μs
ConfidenceInterval = [547.694 μs; 569.395 μs] (CI 99.9%), Margin = 10.850 μs (1.94% of Mean)
Skewness = -0.46, Kurtosis = 1.22, MValue = 3.23
-------------------- Histogram --------------------
[538.565 μs ; 550.854 μs) | @@@@@@@@
[550.854 μs ; 562.695 μs) | 
[562.695 μs ; 574.984 μs) | @@@@@@@@@@@@@
---------------------------------------------------

SimpleListBenchmark.Contains1000: DefaultJob
Runtime = .NET 10.0.8 (10.0.8, 10.0.826.23019), X64 RyuJIT x86-64-v3; GC = Concurrent Workstation
Mean = 544.563 μs, StdErr = 0.182 μs (0.03%), N = 12, StdDev = 0.632 μs
Min = 543.649 μs, Q1 = 544.149 μs, Median = 544.362 μs, Q3 = 545.047 μs, Max = 545.648 μs
IQR = 0.898 μs, LowerFence = 542.803 μs, UpperFence = 546.393 μs
ConfidenceInterval = [543.754 μs; 545.373 μs] (CI 99.9%), Margin = 0.809 μs (0.15% of Mean)
Skewness = 0.24, Kurtosis = 1.57, MValue = 2
-------------------- Histogram --------------------
[543.287 μs ; 546.010 μs) | @@@@@@@@@@@@
---------------------------------------------------

SimpleListBenchmark.Remove1000: DefaultJob
Runtime = .NET 10.0.8 (10.0.8, 10.0.826.23019), X64 RyuJIT x86-64-v3; GC = Concurrent Workstation
Mean = 574.220 μs, StdErr = 1.722 μs (0.30%), N = 13, StdDev = 6.210 μs
Min = 566.277 μs, Q1 = 567.382 μs, Median = 573.987 μs, Q3 = 577.159 μs, Max = 583.390 μs
IQR = 9.777 μs, LowerFence = 552.716 μs, UpperFence = 591.825 μs
ConfidenceInterval = [566.783 μs; 581.657 μs] (CI 99.9%), Margin = 7.437 μs (1.30% of Mean)
Skewness = 0.17, Kurtosis = 1.57, MValue = 2
-------------------- Histogram --------------------
[562.810 μs ; 586.857 μs) | @@@@@@@@@@@@@
---------------------------------------------------

// * Summary *

BenchmarkDotNet v0.15.8, Windows 11 (10.0.26200.8457/25H2/2025Update/HudsonValley2)
AMD Ryzen 7 7435HS 3.10GHz, 1 CPU, 16 logical and 8 physical cores
.NET SDK 10.0.300
  [Host]     : .NET 10.0.8 (10.0.8, 10.0.826.23019), X64 RyuJIT x86-64-v3
  DefaultJob : .NET 10.0.8 (10.0.8, 10.0.826.23019), X64 RyuJIT x86-64-v3


| Method       | Mean     | Error    | StdDev   | Median   | Gen0   | Allocated |
|------------- |---------:|---------:|---------:|---------:|-------:|----------:|
| Add1000      | 558.5 μs | 10.85 μs | 12.92 μs | 567.0 μs | 2.9297 |  31.25 KB |
| Contains1000 | 544.6 μs |  0.81 μs |  0.63 μs | 544.4 μs | 2.9297 |  31.25 KB |
| Remove1000   | 574.2 μs |  7.44 μs |  6.21 μs | 574.0 μs | 2.9297 |  31.25 KB |

// * Warnings *
MultimodalDistribution
  SimpleListBenchmark.Add1000: Default -> It seems that the distribution is bimodal (mValue = 3.23)

// * Hints *
Outliers
  SimpleListBenchmark.Contains1000: Default -> 3 outliers were removed (547.87 μs..549.78 μs)
  SimpleListBenchmark.Remove1000: Default   -> 4 outliers were removed (599.00 μs..618.58 μs)

// * Legends *
  Mean      : Arithmetic mean of all measurements
  Error     : Half of 99.9% confidence interval
  StdDev    : Standard deviation of all measurements
  Median    : Value separating the higher half of all measurements (50th percentile)
  Gen0      : GC Generation 0 collects per 1000 operations
  Allocated : Allocated memory per single operation (managed only, inclusive, 1KB = 1024B)
  1 μs      : 1 Microsecond (0.000001 sec)

// * Diagnostic Output - MemoryDiagnoser *


// ***** BenchmarkRunner: End *****
Run time: 00:00:53 (53.84 sec), executed benchmarks: 3

Global total time: 00:01:01 (61.54 sec), executed benchmarks: 3
// * Artifacts cleanup *
Artifacts cleanup is finished
